Microchip Technology Inc, vv3_31 (A) <

Tool Name:
  c:\program files (x86)\microchip\mplab c30\bin\bin\..\bin/pic30-elf-ld.exe

Command:
  -p24HJ32GP202 \
  -o \
  dist/default/production/NeverWanderBandMain.X.production.elf \
  -Lc:/program files (x86)/microchip/mplab c30/bin/bin/.. \
  -Lc:/program files (x86)/microchip/mplab c30/bin/bin/../../lib \
  -Lc:/program files (x86)/microchip/mplab c30/bin/bin/../../lib/PIC24E \
  -Lc:/program files (x86)/microchip/mplab c30/bin/bin/../../support/PIC24E/gld \
  -Lc:/program files (x86)/microchip/mplab c30/bin/bin/../../lib/PIC24F \
  -Lc:/program files (x86)/microchip/mplab c30/bin/bin/../../support/PIC24F/gld \
  -Lc:/program files (x86)/microchip/mplab c30/bin/bin/../../lib/PIC24H \
  -Lc:/program files (x86)/microchip/mplab c30/bin/bin/../../support/PIC24H/gld \
  -Lc:/program files (x86)/microchip/mplab c30/bin/bin/../../lib/dsPIC30F \
  -Lc:/program files (x86)/microchip/mplab c30/bin/bin/../../support/dsPIC30F/gld \
  -Lc:/program files (x86)/microchip/mplab c30/bin/bin/../../lib/dsPIC33E \
  -Lc:/program files (x86)/microchip/mplab c30/bin/bin/../../support/dsPIC33E/gld \
  -Lc:/program files (x86)/microchip/mplab c30/bin/bin/../../lib/dsPIC33F \
  -Lc:/program files (x86)/microchip/mplab c30/bin/bin/../../support/dsPIC33F/gld \
  build/default/production/_ext/1270305794/pic24_clockfreq.o \
  build/default/production/_ext/1270305794/pic24_configbits.o \
  build/default/production/_ext/1270305794/pic24_util.o \
  build/default/production/_ext/1270305794/pic24_uart.o \
  build/default/production/_ext/1270305794/pic24_serial.o \
  build/default/production/_ext/1472/NeverWanderBand.o \
  build/default/production/_ext/1472/screen_module.o \
  build/default/production/_ext/1472/glcdfont.o \
  build/default/production/_ext/1270305794/pic24_spi.o \
  --defsym=__MPLAB_BUILD=1 \
  --heap=100 \
  -L../../../../../../ece3724/pic24_code_examples/lib/lkr \
  -L. \
  -Map=dist/default/production/NeverWanderBandMain.X.production.map \
  --report-mem \
  -Tp24HJ32GP202_bootldr.gld.00 \
  -start-group \
  --library=pic30-elf \
  --library=m-elf \
  --library=c-elf \
  -end-group \

Archive member included because of file (symbol)

c:/program files (x86)/microchip/mplab c30/bin/bin/../../lib\libpic30-elf.a(crt0_standard.o)
                              (__resetPRI)
c:/program files (x86)/microchip/mplab c30/bin/bin/../../lib\libpic30-elf.a(data_init_standard.o)
                              c:/program files (x86)/microchip/mplab c30/bin/bin/../../lib\libpic30-elf.a(crt0_standard.o) (__data_init_standard)
c:/program files (x86)/microchip/mplab c30/bin/bin/../../lib\libpic30-elf.a(c30_uart.eo)
                              build/default/production/_ext/1270305794/pic24_serial.o (___C30_UART)
c:/program files (x86)/microchip/mplab c30/bin/bin/../../lib\libpic30-elf.a(delay32.eo)
                              build/default/production/_ext/1270305794/pic24_uart.o (___delay32)
c:/program files (x86)/microchip/mplab c30/bin/bin/../../lib\libm-elf.a(addsf3.eo)
                              build/default/production/_ext/1270305794/pic24_util.o (___subsf3)
c:/program files (x86)/microchip/mplab c30/bin/bin/../../lib\libm-elf.a(divsf3.eo)
                              build/default/production/_ext/1270305794/pic24_uart.o (___divsf3)
c:/program files (x86)/microchip/mplab c30/bin/bin/../../lib\libm-elf.a(feqltle.eo)
                              build/default/production/_ext/1270305794/pic24_util.o (___ltsf2)
c:/program files (x86)/microchip/mplab c30/bin/bin/../../lib\libm-elf.a(fixunssfsi.eo)
                              build/default/production/_ext/1270305794/pic24_util.o (___fixunssfsi)
c:/program files (x86)/microchip/mplab c30/bin/bin/../../lib\libm-elf.a(floatsisf.eo)
                              build/default/production/_ext/1270305794/pic24_util.o (___floatsisf)
c:/program files (x86)/microchip/mplab c30/bin/bin/../../lib\libm-elf.a(fpack.eo)
                              c:/program files (x86)/microchip/mplab c30/bin/bin/../../lib\libm-elf.a(addsf3.eo) (__fpack)
c:/program files (x86)/microchip/mplab c30/bin/bin/../../lib\libm-elf.a(funpack.eo)
                              c:/program files (x86)/microchip/mplab c30/bin/bin/../../lib\libm-elf.a(fixunssfsi.eo) (__funpack)
c:/program files (x86)/microchip/mplab c30/bin/bin/../../lib\libm-elf.a(funpack2.eo)
                              c:/program files (x86)/microchip/mplab c30/bin/bin/../../lib\libm-elf.a(addsf3.eo) (__funpack2)
c:/program files (x86)/microchip/mplab c30/bin/bin/../../lib\libm-elf.a(futil.eo)
                              c:/program files (x86)/microchip/mplab c30/bin/bin/../../lib\libm-elf.a(addsf3.eo) (__fPropagateNaN)
c:/program files (x86)/microchip/mplab c30/bin/bin/../../lib\libm-elf.a(mulsf3.eo)
                              build/default/production/_ext/1270305794/pic24_uart.o (___mulsf3)
c:/program files (x86)/microchip/mplab c30/bin/bin/../../lib\libm-elf.a(fcompare.eo)
[...]
Memory Configuration

Name             Origin             Length             Attributes
data             0x000800           0x000800           a !xr
reset            0x000000           0x000004  
ivt              0x000004           0x0000fc  
_reserved        0x000100           0x000004  
aivt             0x000104           0x0000fc  
j_ivt            0x000c00           0x000200  
program          0x000e00           0x0049fe           xr
FBS              0xf80000           0x000002  
FGS              0xf80004           0x000002  
FOSCSEL          0xf80006           0x000002  
FOSC             0xf80008           0x000002  
FWDT             0xf8000a           0x000002  
FPOR             0xf8000c           0x000002  
FICD             0xf8000e           0x000002  
FUID0            0xf80010           0x000002  
FUID1            0xf80012           0x000002  
FUID2            0xf80014           0x000002  
FUID3            0xf80016           0x000002  
*default*        0x000000           0xffffffff  

Linker script and memory map

LOAD build/default/production/_ext/1270305794/pic24_clockfreq.o
LOAD build/default/production/_ext/1270305794/pic24_configbits.o
LOAD build/default/production/_ext/1270305794/pic24_util.o
LOAD build/default/production/_ext/1270305794/pic24_uart.o
LOAD build/default/production/_ext/1270305794/pic24_serial.o
LOAD build/default/production/_ext/1472/NeverWanderBand.o
LOAD build/default/production/_ext/1472/screen_module.o
LOAD build/default/production/_ext/1472/glcdfont.o
LOAD build/default/production/_ext/1270305794/pic24_spi.o
                    0x0001                  __MPLAB_BUILD = 0x1
LOAD c:/program files (x86)/microchip/mplab c30/bin/bin/../../lib/PIC24H\libp24HJ32GP202-elf.a
                    0x0c00                  __JIVT_BASE = 0xc00
                    0x0c02                  J__ReservedTrap0 = 0xc02
                    0x0c06                  J__OscillatorFail = 0xc06
                    0x0c0a                  J__AddressError = 0xc0a
                    0x0c0e                  J__StackError = 0xc0e
                    0x0c12                  J__MathError = 0xc12
                    0x0c16                  J__ReservedTrap5 = 0xc16
                    0x0c1a                  J__ReservedTrap6 = 0xc1a
                    0x0c1e                  J__ReservedTrap7 = 0xc1e
                    0x0c22                  J__INT0Interrupt = 0xc22
                    0x0c26                  J__IC1Interrupt = 0xc26
                    0x0c2a                  J__OC1Interrupt = 0xc2a
                    0x0c2e                  J__T1Interrupt = 0xc2e
                    0x0c32                  J__Interrupt4 = 0xc32
                    0x0c36                  J__IC2Interrupt = 0xc36
                    0x0c3a                  J__OC2Interrupt = 0xc3a
                    0x0c3e                  J__T2Interrupt = 0xc3e
                    0x0c42                  J__T3Interrupt = 0xc42
                    0x0c46                  J__SPI1ErrInterrupt = 0xc46
                    0x0c4a                  J__SPI1Interrupt = 0xc4a
                    0x0c4e                  J__U1RXInterrupt = 0xc4e
                    0x0c52                  J__U1TXInterrupt = 0xc52
                    0x0c56                  J__ADC1Interrupt = 0xc56
                    0x0c5a                  J__Interrupt14 = 0xc5a
                    0x0c5e                  J__Interrupt15 = 0xc5e
                    0x0c62                  J__SI2C1Interrupt = 0xc62
                    0x0c66                  J__MI2C1Interrupt = 0xc66
                    0x0c6a                  J__Interrupt18 = 0xc6a
                    0x0c6e                  J__CNInterrupt = 0xc6e
                    0x0c72                  J__INT1Interrupt = 0xc72
                    0x0c76                  J__Interrupt21 = 0xc76
                    0x0c7a                  J__IC7Interrupt = 0xc7a
                    0x0c7e                  J__IC8Interrupt = 0xc7e
                    0x0c82                  J__Interrupt24 = 0xc82
                    0x0c86                  J__Interrupt25 = 0xc86
                    0x0c8a                  J__Interrupt26 = 0xc8a
                    0x0c8e                  J__Interrupt27 = 0xc8e
                    0x0c92                  J__Interrupt28 = 0xc92
                    0x0c96                  J__INT2Interrupt = 0xc96
                    0x0c9a                  J__Interrupt30 = 0xc9a
                    0x0c9e                  J__Interrupt31 = 0xc9e
                    0x0ca2                  J__Interrupt32 = 0xca2
                    0x0ca6                  J__Interrupt33 = 0xca6
                    0x0caa                  J__Interrupt34 = 0xcaa
                    0x0cae                  J__Interrupt35 = 0xcae
                    0x0cb2                  J__Interrupt36 = 0xcb2
                    0x0cb6                  J__Interrupt37 = 0xcb6
                    0x0cba                  J__Interrupt38 = 0xcba
                    0x0cbe                  J__Interrupt39 = 0xcbe
                    0x0cc2                  J__Interrupt40 = 0xcc2
                    0x0cc6                  J__Interrupt41 = 0xcc6
                    0x0cca                  J__Interrupt42 = 0xcca
                    0x0cce                  J__Interrupt43 = 0xcce
                    0x0cd2                  J__Interrupt44 = 0xcd2
                    0x0cd6                  J__Interrupt45 = 0xcd6
                    0x0cda                  J__Interrupt46 = 0xcda
                    0x0cde                  J__Interrupt47 = 0xcde
                    0x0ce2                  J__Interrupt48 = 0xce2
                    0x0ce6                  J__Interrupt49 = 0xce6
                    0x0cea                  J__Interrupt50 = 0xcea
                    0x0cee                  J__Interrupt51 = 0xcee
                    0x0cf2                  J__Interrupt52 = 0xcf2
                    0x0cf6                  J__Interrupt53 = 0xcf6
                    0x0cfa                  J__Interrupt54 = 0xcfa
                    0x0cfe                  J__Interrupt55 = 0xcfe
                    0x0d02                  J__Interrupt56 = 0xd02
                    0x0d06                  J__Interrupt57 = 0xd06
                    0x0d0a                  J__Interrupt58 = 0xd0a
                    0x0d0e                  J__Interrupt59 = 0xd0e
                    0x0d12                  J__Interrupt60 = 0xd12
                    0x0d16                  J__Interrupt61 = 0xd16
                    0x0d1a                  J__Interrupt62 = 0xd1a
                    0x0d1e                  J__Interrupt63 = 0xd1e
                    0x0d22                  J__Interrupt64 = 0xd22
                    0x0d26                  J__U1ErrInterrupt = 0xd26
                    0x0d2a                  J__Interrupt66 = 0xd2a
                    0x0d2e                  J__Interrupt67 = 0xd2e
                    0x0d32                  J__Interrupt68 = 0xd32
                    0x0d36                  J__Interrupt69 = 0xd36
                    0x0d3a                  J__Interrupt70 = 0xd3a
                    0x0d3e                  J__Interrupt71 = 0xd3e
                    0x0d42                  J__Interrupt72 = 0xd42
                    0x0d46                  J__Interrupt73 = 0xd46
                    0x0d4a                  J__Interrupt74 = 0xd4a
                    0x0d4e                  J__Interrupt75 = 0xd4e
                    0x0d52                  J__Interrupt76 = 0xd52
                    0x0d56                  J__Interrupt77 = 0xd56
                    0x0d5a                  J__Interrupt78 = 0xd5a
                    0x0d5e                  J__Interrupt79 = 0xd5e
                    0x0d62                  J__Interrupt80 = 0xd62
                    0x0d66                  J__Interrupt81 = 0xd66
                    0x0d6a                  J__Interrupt82 = 0xd6a
                    0x0d6e                  J__Interrupt83 = 0xd6e
                    0x0d72                  J__Interrupt84 = 0xd72
                    0x0d76                  J__Interrupt85 = 0xd76
                    0x0d7a                  J__Interrupt86 = 0xd7a
                    0x0d7e                  J__Interrupt87 = 0xd7e
                    0x0d82                  J__Interrupt88 = 0xd82
                    0x0d86                  J__Interrupt89 = 0xd86
                    0x0d8a                  J__Interrupt90 = 0xd8a
                    0x0d8e                  J__Interrupt91 = 0xd8e
                    0x0d92                  J__Interrupt92 = 0xd92
                    0x0d96                  J__Interrupt93 = 0xd96
                    0x0d9a                  J__Interrupt94 = 0xd9a
                    0x0d9e                  J__Interrupt95 = 0xd9e
                    0x0da2                  J__Interrupt96 = 0xda2
                    0x0da6                  J__Interrupt97 = 0xda6
                    0x0daa                  J__Interrupt98 = 0xdaa
                    0x0dae                  J__Interrupt99 = 0xdae
                    0x0db2                  J__Interrupt100 = 0xdb2
                    0x0db6                  J__Interrupt101 = 0xdb6
                    0x0dba                  J__Interrupt102 = 0xdba
                    0x0dbe                  J__Interrupt103 = 0xdbe
                    0x0dc2                  J__Interrupt104 = 0xdc2
                    0x0dc6                  J__Interrupt105 = 0xdc6
                    0x0dca                  J__Interrupt106 = 0xdca
                    0x0dce                  J__Interrupt107 = 0xdce
                    0x0dd2                  J__Interrupt108 = 0xdd2
                    0x0dd6                  J__Interrupt109 = 0xdd6
                    0x0dda                  J__Interrupt110 = 0xdda
                    0x0dde                  J__Interrupt111 = 0xdde
                    0x0de2                  J__Interrupt112 = 0xde2
                    0x0de6                  J__Interrupt113 = 0xde6
                    0x0dea                  J__Interrupt114 = 0xdea
                    0x0dee                  J__Interrupt115 = 0xdee
                    0x0df2                  J__Interrupt116 = 0xdf2
                    0x0df6                  J__Interrupt117 = 0xdf6
                    0xf80000                  __FBS = 0xf80000
                    0xf80004                  __FGS = 0xf80004
                    0xf80006                  __FOSCSEL = 0xf80006
                    0xf80008                  __FOSC = 0xf80008
                    0xf8000a                  __FWDT = 0xf8000a
                    0xf8000c                  __FPOR = 0xf8000c
                    0xf8000e                  __FICD = 0xf8000e
                    0xf80010                  __FUID0 = 0xf80010
                    0xf80012                  __FUID1 = 0xf80012
                    0xf80014                  __FUID2 = 0xf80014
                    0xf80016                  __FUID3 = 0xf80016
                    0x0001                  __NO_HANDLES = 0x1
                    0x0004                  __IVT_BASE = 0x4
                    0x0104                  __AIVT_BASE = 0x104
                    0x0800                  __DATA_BASE = 0x800
                    0x0800                  __DATA_LENGTH = 0x800
                    0x0200                  __CODE_BASE = 0x200
                    0x5600                  __CODE_LENGTH = 0x5600

.reset            0x000000          0x4
                  0x000000          0x2 SHORT 0xe00 ABSOLUTE (__reset)
                  0x000001          0x2 SHORT 0x4
                  0x000002          0x2 SHORT 0x0 ((ABSOLUTE (__reset) >> 0x10) & 0x7f)
                  0x000003          0x2 SHORT 0x0

.j_ivt            0x000c00        0x1fa
                  0x000c00          0x2 SHORT 0x2
                  0x000c01          0x2 SHORT 0x0
                  0x000c02          0x2 SHORT 0x3554 DEFINED (__ReservedTrap0)?ABSOLUTE (__ReservedTrap0):ABSOLUTE (__DefaultInterrupt)
                  0x000c03          0x2 SHORT 0x4
                  0x000c04          0x2 SHORT 0x0 ((DEFINED (__ReservedTrap0)?ABSOLUTE (__ReservedTrap0):ABSOLUTE (__DefaultInterrupt) >> 0x10) & 0x7f)
                  0x000c05          0x2 SHORT 0x0
                  0x000c06          0x2 SHORT 0x3554 DEFINED (__OscillatorFail)?ABSOLUTE (__OscillatorFail):ABSOLUTE (__DefaultInterrupt)
                  0x000c07          0x2 SHORT 0x4
                  0x000c08          0x2 SHORT 0x0 ((DEFINED (__OscillatorFail)?ABSOLUTE (__OscillatorFail):ABSOLUTE (__DefaultInterrupt) >> 0x10) & 0x7f)
                  0x000c09          0x2 SHORT 0x0
                  0x000c0a          0x2 SHORT 0x3554 DEFINED (__AddressError)?ABSOLUTE (__AddressError):ABSOLUTE (__DefaultInterrupt)
                  0x000c0b          0x2 SHORT 0x4
                  0x000c0c          0x2 SHORT 0x0 ((DEFINED (__AddressError)?ABSOLUTE (__AddressError):ABSOLUTE (__DefaultInterrupt) >> 0x10) & 0x7f)
                  0x000c0d          0x2 SHORT 0x0
                  0x000c0e          0x2 SHORT 0x3554 DEFINED (__StackError)?ABSOLUTE (__StackError):ABSOLUTE (__DefaultInterrupt)
                  0x000c0f          0x2 SHORT 0x4
                  0x000c10          0x2 SHORT 0x0 ((DEFINED (__StackError)?ABSOLUTE (__StackError):ABSOLUTE (__DefaultInterrupt) >> 0x10) & 0x7f)
                  0x000c11          0x2 SHORT 0x0
                  0x000c12          0x2 SHORT 0x3554 DEFINED (__MathError)?ABSOLUTE (__MathError):ABSOLUTE (__DefaultInterrupt)
                  0x000c13          0x2 SHORT 0x4
                  0x000c14          0x2 SHORT 0x0 ((DEFINED (__MathError)?ABSOLUTE (__MathError):ABSOLUTE (__DefaultInterrupt) >> 0x10) & 0x7f)
                  0x000c15          0x2 SHORT 0x0
                  0x000c16          0x2 SHORT 0x3554 DEFINED (__ReservedTrap5)?ABSOLUTE (__ReservedTrap5):ABSOLUTE (__DefaultInterrupt)
                  0x000c17          0x2 SHORT 0x4
                  0x000c18          0x2 SHORT 0x0 ((DEFINED (__ReservedTrap5)?ABSOLUTE (__ReservedTrap5):ABSOLUTE (__DefaultInterrupt) >> 0x10) & 0x7f)
                  0x000c19          0x2 SHORT 0x0
                  0x000c1a          0x2 SHORT 0x3554 DEFINED (__ReservedTrap6)?ABSOLUTE (__ReservedTrap6):ABSOLUTE (__DefaultInterrupt)
                  0x000c1b          0x2 SHORT 0x4
                  0x000c1c          0x2 SHORT 0x0 ((DEFINED (__ReservedTrap6)?ABSOLUTE (__ReservedTrap6):ABSOLUTE (__DefaultInterrupt) >> 0x10) & 0x7f)
                  0x000c1d          0x2 SHORT 0x0
                  0x000c1e          0x2 SHORT 0x3554 DEFINED (__ReservedTrap7)?ABSOLUTE (__ReservedTrap7):ABSOLUTE (__DefaultInterrupt)
                  0x000c1f          0x2 SHORT 0x4
                  0x000c20          0x2 SHORT 0x0 ((DEFINED (__ReservedTrap7)?ABSOLUTE (__ReservedTrap7):ABSOLUTE (__DefaultInterrupt) >> 0x10) & 0x7f)
                  0x000c21          0x2 SHORT 0x0
                  0x000c22          0x2 SHORT 0x3554 DEFINED (__INT0Interrupt)?ABSOLUTE (__INT0Interrupt):ABSOLUTE (__DefaultInterrupt)
                  0x000c23          0x2 SHORT 0x4
                  0x000c24          0x2 SHORT 0x0 ((DEFINED (__INT0Interrupt)?ABSOLUTE (__INT0Interrupt):ABSOLUTE (__DefaultInterrupt) >> 0x10) & 0x7f)
                  0x000c25          0x2 SHORT 0x0
                  0x000c26          0x2 SHORT 0x3554 DEFINED (__IC1Interrupt)?ABSOLUTE (__IC1Interrupt):ABSOLUTE (__DefaultInterrupt)
                  0x000c27          0x2 SHORT 0x4
                  0x000c28          0x2 SHORT 0x0 ((DEFINED (__IC1Interrupt)?ABSOLUTE (__IC1Interrupt):ABSOLUTE (__DefaultInterrupt) >> 0x10) & 0x7f)
                  0x000c29          0x2 SHORT 0x0
                  0x000c2a          0x2 SHORT 0x3554 DEFINED (__OC1Interrupt)?ABSOLUTE (__OC1Interrupt):ABSOLUTE (__DefaultInterrupt)
                  0x000c2b          0x2 SHORT 0x4
                  0x000c2c          0x2 SHORT 0x0 ((DEFINED (__OC1Interrupt)?ABSOLUTE (__OC1Interrupt):ABSOLUTE (__DefaultInterrupt) >> 0x10) & 0x7f)
                  0x000c2d          0x2 SHORT 0x0
                  0x000c2e          0x2 SHORT 0x3554 DEFINED (__T1Interrupt)?ABSOLUTE (__T1Interrupt):ABSOLUTE (__DefaultInterrupt)
                  0x000c2f          0x2 SHORT 0x4
                  0x000c30          0x2 SHORT 0x0 ((DEFINED (__T1Interrupt)?ABSOLUTE (__T1Interrupt):ABSOLUTE (__DefaultInterrupt) >> 0x10) & 0x7f)
                  0x000c31          0x2 SHORT 0x0
                  0x000c32          0x2 SHORT 0x3554 DEFINED (__Interrupt4)?ABSOLUTE (__Interrupt4):ABSOLUTE (__DefaultInterrupt)
                  0x000c33          0x2 SHORT 0x4
                  0x000c34          0x2 SHORT 0x0 ((DEFINED (__Interrupt4)?ABSOLUTE (__Interrupt4):ABSOLUTE (__DefaultInterrupt) >> 0x10) & 0x7f)
                  0x000c35          0x2 SHORT 0x0
                  0x000c36          0x2 SHORT 0x3554 DEFINED (__IC2Interrupt)?ABSOLUTE (__IC2Interrupt):ABSOLUTE (__DefaultInterrupt)
                  0x000c37          0x2 SHORT 0x4
                  0x000c38          0x2 SHORT 0x0 ((DEFINED (__IC2Interrupt)?ABSOLUTE (__IC2Interrupt):ABSOLUTE (__DefaultInterrupt) >> 0x10) & 0x7f)
                  0x000c39          0x2 SHORT 0x0
                  0x000c3a          0x2 SHORT 0x3554 DEFINED (__OC2Interrupt)?ABSOLUTE (__OC2Interrupt):ABSOLUTE (__DefaultInterrupt)
                  0x000c3b          0x2 SHORT 0x4
                  0x000c3c          0x2 SHORT 0x0 ((DEFINED (__OC2Interrupt)?ABSOLUTE (__OC2Interrupt):ABSOLUTE (__DefaultInterrupt) >> 0x10) & 0x7f)
                  0x000c3d          0x2 SHORT 0x0
                  0x000c3e          0x2 SHORT 0x3554 DEFINED (__T2Interrupt)?ABSOLUTE (__T2Interrupt):ABSOLUTE (__DefaultInterrupt)
                  0x000c3f          0x2 SHORT 0x4
                  0x000c40          0x2 SHORT 0x0 ((DEFINED (__T2Interrupt)?ABSOLUTE (__T2Interrupt):ABSOLUTE (__DefaultInterrupt) >> 0x10) & 0x7f)
                  0x000c41          0x2 SHORT 0x0
                  0x000c42          0x2 SHORT 0x3554 DEFINED (__T3Interrupt)?ABSOLUTE (__T3Interrupt):ABSOLUTE (__DefaultInterrupt)
                  0x000c43          0x2 SHORT 0x4
                  0x000c44          0x2 SHORT 0x0 ((DEFINED (__T3Interrupt)?ABSOLUTE (__T3Interrupt):ABSOLUTE (__DefaultInterrupt) >> 0x10) & 0x7f)
                  0x000c45          0x2 SHORT 0x0
                  0x000c46          0x2 SHORT 0x3554 DEFINED (__SPI1ErrInterrupt)?ABSOLUTE (__SPI1ErrInterrupt):ABSOLUTE (__DefaultInterrupt)
                  0x000c47          0x2 SHORT 0x4
                  0x000c48          0x2 SHORT 0x0 ((DEFINED (__SPI1ErrInterrupt)?ABSOLUTE (__SPI1ErrInterrupt):ABSOLUTE (__DefaultInterrupt) >> 0x10) & 0x7f)
                  0x000c49          0x2 SHORT 0x0
                  0x000c4a          0x2 SHORT 0x3554 DEFINED (__SPI1Interrupt)?ABSOLUTE (__SPI1Interrupt):ABSOLUTE (__DefaultInterrupt)
                  0x000c4b          0x2 SHORT 0x4
                  0x000c4c          0x2 SHORT 0x0 ((DEFINED (__SPI1Interrupt)?ABSOLUTE (__SPI1Interrupt):ABSOLUTE (__DefaultInterrupt) >> 0x10) & 0x7f)
                  0x000c4d          0x2 SHORT 0x0
                  0x000c4e          0x2 SHORT 0x3554 DEFINED (__U1RXInterrupt)?ABSOLUTE (__U1RXInterrupt):ABSOLUTE (__DefaultInterrupt)
                  0x000c4f          0x2 SHORT 0x4
                  0x000c50          0x2 SHORT 0x0 ((DEFINED (__U1RXInterrupt)?ABSOLUTE (__U1RXInterrupt):ABSOLUTE (__DefaultInterrupt) >> 0x10) & 0x7f)
                  0x000c51          0x2 SHORT 0x0
                  0x000c52          0x2 SHORT 0x3554 DEFINED (__U1TXInterrupt)?ABSOLUTE (__U1TXInterrupt):ABSOLUTE (__DefaultInterrupt)
                  0x000c53          0x2 SHORT 0x4
                  0x000c54          0x2 SHORT 0x0 ((DEFINED (__U1TXInterrupt)?ABSOLUTE (__U1TXInterrupt):ABSOLUTE (__DefaultInterrupt) >> 0x10) & 0x7f)
                  0x000c55          0x2 SHORT 0x0
                  0x000c56          0x2 SHORT 0x3554 DEFINED (__ADC1Interrupt)?ABSOLUTE (__ADC1Interrupt):ABSOLUTE (__DefaultInterrupt)
                  0x000c57          0x2 SHORT 0x4
                  0x000c58          0x2 SHORT 0x0 ((DEFINED (__ADC1Interrupt)?ABSOLUTE (__ADC1Interrupt):ABSOLUTE (__DefaultInterrupt) >> 0x10) & 0x7f)
                  0x000c59          0x2 SHORT 0x0
                  0x000c5a          0x2 SHORT 0x3554 DEFINED (__Interrupt14)?ABSOLUTE (__Interrupt14):ABSOLUTE (__DefaultInterrupt)
                  0x000c5b          0x2 SHORT 0x4
                  0x000c5c          0x2 SHORT 0x0 ((DEFINED (__Interrupt14)?ABSOLUTE (__Interrupt14):ABSOLUTE (__DefaultInterrupt) >> 0x10) & 0x7f)
                  0x000c5d          0x2 SHORT 0x0
                  0x000c5e          0x2 SHORT 0x3554 DEFINED (__Interrupt15)?ABSOLUTE (__Interrupt15):ABSOLUTE (__DefaultInterrupt)
                  0x000c5f          0x2 SHORT 0x4
                  0x000c60          0x2 SHORT 0x0 ((DEFINED (__Interrupt15)?ABSOLUTE (__Interrupt15):ABSOLUTE (__DefaultInterrupt) >> 0x10) & 0x7f)
                  0x000c61          0x2 SHORT 0x0
                  0x000c62          0x2 SHORT 0x3554 DEFINED (__SI2C1Interrupt)?ABSOLUTE (__SI2C1Interrupt):ABSOLUTE (__DefaultInterrupt)
                  0x000c63          0x2 SHORT 0x4
                  0x000c64          0x2 SHORT 0x0 ((DEFINED (__SI2C1Interrupt)?ABSOLUTE (__SI2C1Interrupt):ABSOLUTE (__DefaultInterrupt) >> 0x10) & 0x7f)
                  0x000c65          0x2 SHORT 0x0
                  0x000c66          0x2 SHORT 0x3554 DEFINED (__MI2C1Interrupt)?ABSOLUTE (__MI2C1Interrupt):ABSOLUTE (__DefaultInterrupt)
                  0x000c67          0x2 SHORT 0x4
                  0x000c68          0x2 SHORT 0x0 ((DEFINED (__MI2C1Interrupt)?ABSOLUTE (__MI2C1Interrupt):ABSOLUTE (__DefaultInterrupt) >> 0x10) & 0x7f)
                  0x000c69          0x2 SHORT 0x0
                  0x000c6a          0x2 SHORT 0x3554 DEFINED (__Interrupt18)?ABSOLUTE (__Interrupt18):ABSOLUTE (__DefaultInterrupt)
                  0x000c6b          0x2 SHORT 0x4
                  0x000c6c          0x2 SHORT 0x0 ((DEFINED (__Interrupt18)?ABSOLUTE (__Interrupt18):ABSOLUTE (__DefaultInterrupt) >> 0x10) & 0x7f)
                  0x000c6d          0x2 SHORT 0x0
                  0x000c6e          0x2 SHORT 0x3554 DEFINED (__CNInterrupt)?ABSOLUTE (__CNInterrupt):ABSOLUTE (__DefaultInterrupt)
                  0x000c6f          0x2 SHORT 0x4
                  0x000c70          0x2 SHORT 0x0 ((DEFINED (__CNInterrupt)?ABSOLUTE (__CNInterrupt):ABSOLUTE (__DefaultInterrupt) >> 0x10) & 0x7f)
                  0x000c71          0x2 SHORT 0x0
                  0x000c72          0x2 SHORT 0x3554 DEFINED (__INT1Interrupt)?ABSOLUTE (__INT1Interrupt):ABSOLUTE (__DefaultInterrupt)
                  0x000c73          0x2 SHORT 0x4
                  0x000c74          0x2 SHORT 0x0 ((DEFINED (__INT1Interrupt)?ABSOLUTE (__INT1Interrupt):ABSOLUTE (__DefaultInterrupt) >> 0x10) & 0x7f)
                  0x000c75          0x2 SHORT 0x0
                  0x000c76          0x2 SHORT 0x3554 DEFINED (__Interrupt21)?ABSOLUTE (__Interrupt21):ABSOLUTE (__DefaultInterrupt)
                  0x000c77          0x2 SHORT 0x4
                  0x000c78          0x2 SHORT 0x0 ((DEFINED (__Interrupt21)?ABSOLUTE (__Interrupt21):ABSOLUTE (__DefaultInterrupt) >> 0x10) & 0x7f)
                  0x000c79          0x2 SHORT 0x0
                  0x000c7a          0x2 SHORT 0x3554 DEFINED (__IC7Interrupt)?ABSOLUTE (__IC7Interrupt):ABSOLUTE (__DefaultInterrupt)
                  0x000c7b          0x2 SHORT 0x4
                  0x000c7c          0x2 SHORT 0x0 ((DEFINED (__IC7Interrupt)?ABSOLUTE (__IC7Interrupt):ABSOLUTE (__DefaultInterrupt) >> 0x10) & 0x7f)
                  0x000c7d          0x2 SHORT 0x0
                  0x000c7e          0x2 SHORT 0x3554 DEFINED (__IC8Interrupt)?ABSOLUTE (__IC8Interrupt):ABSOLUTE (__DefaultInterrupt)
                  0x000c7f          0x2 SHORT 0x4
                  0x000c80          0x2 SHORT 0x0 ((DEFINED (__IC8Interrupt)?ABSOLUTE (__IC8Interrupt):ABSOLUTE (__DefaultInterrupt) >> 0x10) & 0x7f)
                  0x000c81          0x2 SHORT 0x0
                  0x000c82          0x2 SHORT 0x3554 DEFINED (__Interrupt24)?ABSOLUTE (__Interrupt24):ABSOLUTE (__DefaultInterrupt)
                  0x000c83          0x2 SHORT 0x4
                  0x000c84          0x2 SHORT 0x0 ((DEFINED (__Interrupt24)?ABSOLUTE (__Interrupt24):ABSOLUTE (__DefaultInterrupt) >> 0x10) & 0x7f)
                  0x000c85          0x2 SHORT 0x0
                  0x000c86          0x2 SHORT 0x3554 DEFINED (__Interrupt25)?ABSOLUTE (__Interrupt25):ABSOLUTE (__DefaultInterrupt)
                  0x000c87          0x2 SHORT 0x4
                  0x000c88          0x2 SHORT 0x0 ((DEFINED (__Interrupt25)?ABSOLUTE (__Interrupt25):ABSOLUTE (__DefaultInterrupt) >> 0x10) & 0x7f)
                  0x000c89          0x2 SHORT 0x0
                  0x000c8a          0x2 SHORT 0x3554 DEFINED (__Interrupt26)?ABSOLUTE (__Interrupt26):ABSOLUTE (__DefaultInterrupt)
                  0x000c8b          0x2 SHORT 0x4
                  0x000c8c          0x2 SHORT 0x0 ((DEFINED (__Interrupt26)?ABSOLUTE (__Interrupt26):ABSOLUTE (__DefaultInterrupt) >> 0x10) & 0x7f)
                  0x000c8d          0x2 SHORT 0x0
                  0x000c8e          0x2 SHORT 0x3554 DEFINED (__Interrupt27)?ABSOLUTE (__Interrupt27):ABSOLUTE (__DefaultInterrupt)
                  0x000c8f          0x2 SHORT 0x4
                  0x000c90          0x2 SHORT 0x0 ((DEFINED (__Interrupt27)?ABSOLUTE (__Interrupt27):ABSOLUTE (__DefaultInterrupt) >> 0x10) & 0x7f)
                  0x000c91          0x2 SHORT 0x0
                  0x000c92          0x2 SHORT 0x3554 DEFINED (__Interrupt28)?ABSOLUTE (__Interrupt28):ABSOLUTE (__DefaultInterrupt)
                  0x000c93          0x2 SHORT 0x4
                  0x000c94          0x2 SHORT 0x0 ((DEFINED (__Interrupt28)?ABSOLUTE (__Interrupt28):ABSOLUTE (__DefaultInterrupt) >> 0x10) & 0x7f)
                  0x000c95          0x2 SHORT 0x0
                  0x000c96          0x2 SHORT 0x3554 DEFINED (__INT2Interrupt)?ABSOLUTE (__INT2Interrupt):ABSOLUTE (__DefaultInterrupt)
                  0x000c97          0x2 SHORT 0x4
                  0x000c98          0x2 SHORT 0x0 ((DEFINED (__INT2Interrupt)?ABSOLUTE (__INT2Interrupt):ABSOLUTE (__DefaultInterrupt) >> 0x10) & 0x7f)
                  0x000c99          0x2 SHORT 0x0
                  0x000c9a          0x2 SHORT 0x3554 DEFINED (__Interrupt30)?ABSOLUTE (__Interrupt30):ABSOLUTE (__DefaultInterrupt)
                  0x000c9b          0x2 SHORT 0x4
                  0x000c9c          0x2 SHORT 0x0 ((DEFINED (__Interrupt30)?ABSOLUTE (__Interrupt30):ABSOLUTE (__DefaultInterrupt) >> 0x10) & 0x7f)
                  0x000c9d          0x2 SHORT 0x0
                  0x000c9e          0x2 SHORT 0x3554 DEFINED (__Interrupt31)?ABSOLUTE (__Interrupt31):ABSOLUTE (__DefaultInterrupt)
                  0x000c9f          0x2 SHORT 0x4
                  0x000ca0          0x2 SHORT 0x0 ((DEFINED (__Interrupt31)?ABSOLUTE (__Interrupt31):ABSOLUTE (__DefaultInterrupt) >> 0x10) & 0x7f)
                  0x000ca1          0x2 SHORT 0x0
                  0x000ca2          0x2 SHORT 0x3554 DEFINED (__Interrupt32)?ABSOLUTE (__Interrupt32):ABSOLUTE (__DefaultInterrupt)
                  0x000ca3          0x2 SHORT 0x4
                  0x000ca4          0x2 SHORT 0x0 ((DEFINED (__Interrupt32)?ABSOLUTE (__Interrupt32):ABSOLUTE (__DefaultInterrupt) >> 0x10) & 0x7f)
                  0x000ca5          0x2 SHORT 0x0
                  0x000ca6          0x2 SHORT 0x3554 DEFINED (__Interrupt33)?ABSOLUTE (__Interrupt33):ABSOLUTE (__DefaultInterrupt)
                  0x000ca7          0x2 SHORT 0x4
                  0x000ca8          0x2 SHORT 0x0 ((DEFINED (__Interrupt33)?ABSOLUTE (__Interrupt33):ABSOLUTE (__DefaultInterrupt) >> 0x10) & 0x7f)
                  0x000ca9          0x2 SHORT 0x0
                  0x000caa          0x2 SHORT 0x3554 DEFINED (__Interrupt34)?ABSOLUTE (__Interrupt34):ABSOLUTE (__DefaultInterrupt)
                  0x000cab          0x2 SHORT 0x4
                  0x000cac          0x2 SHORT 0x0 ((DEFINED (__Interrupt34)?ABSOLUTE (__Interrupt34):ABSOLUTE (__DefaultInterrupt) >> 0x10) & 0x7f)
                  0x000cad          0x2 SHORT 0x0
                  0x000cae          0x2 SHORT 0x3554 DEFINED (__Interrupt35)?ABSOLUTE (__Interrupt35):ABSOLUTE (__DefaultInterrupt)
                  0x000caf          0x2 SHORT 0x4
                  0x000cb0          0x2 SHORT 0x0 ((DEFINED (__Interrupt35)?ABSOLUTE (__Interrupt35):ABSOLUTE (__DefaultInterrupt) >> 0x10) & 0x7f)
                  0x000cb1          0x2 SHORT 0x0
                  0x000cb2          0x2 SHORT 0x3554 DEFINED (__Interrupt36)?ABSOLUTE (__Interrupt36):ABSOLUTE (__DefaultInterrupt)
                  0x000cb3          0x2 SHORT 0x4
                  0x000cb4          0x2 SHORT 0x0 ((DEFINED (__Interrupt36)?ABSOLUTE (__Interrupt36):ABSOLUTE (__DefaultInterrupt) >> 0x10) & 0x7f)
                  0x000cb5          0x2 SHORT 0x0
                  0x000cb6          0x2 SHORT 0x3554 DEFINED (__Interrupt37)?ABSOLUTE (__Interrupt37):ABSOLUTE (__DefaultInterrupt)
                  0x000cb7          0x2 SHORT 0x4
                  0x000cb8          0x2 SHORT 0x0 ((DEFINED (__Interrupt37)?ABSOLUTE (__Interrupt37):ABSOLUTE (__DefaultInterrupt) >> 0x10) & 0x7f)
                  0x000cb9          0x2 SHORT 0x0
                  0x000cba          0x2 SHORT 0x3554 DEFINED (__Interrupt38)?ABSOLUTE (__Interrupt38):ABSOLUTE (__DefaultInterrupt)
                  0x000cbb          0x2 SHORT 0x4
                  0x000cbc          0x2 SHORT 0x0 ((DEFINED (__Interrupt38)?ABSOLUTE (__Interrupt38):ABSOLUTE (__DefaultInterrupt) >> 0x10) & 0x7f)
                  0x000cbd          0x2 SHORT 0x0
                  0x000cbe          0x2 SHORT 0x3554 DEFINED (__Interrupt39)?ABSOLUTE (__Interrupt39):ABSOLUTE (__DefaultInterrupt)
                  0x000cbf          0x2 SHORT 0x4
                  0x000cc0          0x2 SHORT 0x0 ((DEFINED (__Interrupt39)?ABSOLUTE (__Interrupt39):ABSOLUTE (__DefaultInterrupt) >> 0x10) & 0x7f)
                  0x000cc1          0x2 SHORT 0x0
                  0x000cc2          0x2 SHORT 0x3554 DEFINED (__Interrupt40)?ABSOLUTE (__Interrupt40):ABSOLUTE (__DefaultInterrupt)
                  0x000cc3          0x2 SHORT 0x4
                  0x000cc4          0x2 SHORT 0x0 ((DEFINED (__Interrupt40)?ABSOLUTE (__Interrupt40):ABSOLUTE (__DefaultInterrupt) >> 0x10) & 0x7f)
                  0x000cc5          0x2 SHORT 0x0
                  0x000cc6          0x2 SHORT 0x3554 DEFINED (__Interrupt41)?ABSOLUTE (__Interrupt41):ABSOLUTE (__DefaultInterrupt)
                  0x000cc7          0x2 SHORT 0x4
                  0x000cc8          0x2 SHORT 0x0 ((DEFINED (__Interrupt41)?ABSOLUTE (__Interrupt41):ABSOLUTE (__DefaultInterrupt) >> 0x10) & 0x7f)
                  0x000cc9          0x2 SHORT 0x0
                  0x000cca          0x2 SHORT 0x3554 DEFINED (__Interrupt42)?ABSOLUTE (__Interrupt42):ABSOLUTE (__DefaultInterrupt)
                  0x000ccb          0x2 SHORT 0x4
                  0x000ccc          0x2 SHORT 0x0 ((DEFINED (__Interrupt42)?ABSOLUTE (__Interrupt42):ABSOLUTE (__DefaultInterrupt) >> 0x10) & 0x7f)
                  0x000ccd          0x2 SHORT 0x0
                  0x000cce          0x2 SHORT 0x3554 DEFINED (__Interrupt43)?ABSOLUTE (__Interrupt43):ABSOLUTE (__DefaultInterrupt)
                  0x000ccf          0x2 SHORT 0x4
                  0x000cd0          0x2 SHORT 0x0 ((DEFINED (__Interrupt43)?ABSOLUTE (__Interrupt43):ABSOLUTE (__DefaultInterrupt) >> 0x10) & 0x7f)
                  0x000cd1          0x2 SHORT 0x0
                  0x000cd2          0x2 SHORT 0x3554 DEFINED (__Interrupt44)?ABSOLUTE (__Interrupt44):ABSOLUTE (__DefaultInterrupt)
                  0x000cd3          0x2 SHORT 0x4
                  0x000cd4          0x2 SHORT 0x0 ((DEFINED (__Interrupt44)?ABSOLUTE (__Interrupt44):ABSOLUTE (__DefaultInterrupt) >> 0x10) & 0x7f)
                  0x000cd5          0x2 SHORT 0x0
                  0x000cd6          0x2 SHORT 0x3554 DEFINED (__Interrupt45)?ABSOLUTE (__Interrupt45):ABSOLUTE (__DefaultInterrupt)
                  0x000cd7          0x2 SHORT 0x4
                  0x000cd8          0x2 SHORT 0x0 ((DEFINED (__Interrupt45)?ABSOLUTE (__Interrupt45):ABSOLUTE (__DefaultInterrupt) >> 0x10) & 0x7f)
                  0x000cd9          0x2 SHORT 0x0
                  0x000cda          0x2 SHORT 0x3554 DEFINED (__Interrupt46)?ABSOLUTE (__Interrupt46):ABSOLUTE (__DefaultInterrupt)
                  0x000cdb          0x2 SHORT 0x4
                  0x000cdc          0x2 SHORT 0x0 ((DEFINED (__Interrupt46)?ABSOLUTE (__Interrupt46):ABSOLUTE (__DefaultInterrupt) >> 0x10) & 0x7f)
                  0x000cdd          0x2 SHORT 0x0
                  0x000cde          0x2 SHORT 0x3554 DEFINED (__Interrupt47)?ABSOLUTE (__Interrupt47):ABSOLUTE (__DefaultInterrupt)
                  0x000cdf          0x2 SHORT 0x4
                  0x000ce0          0x2 SHORT 0x0 ((DEFINED (__Interrupt47)?ABSOLUTE (__Interrupt47):ABSOLUTE (__DefaultInterrupt) >> 0x10) & 0x7f)
                  0x000ce1          0x2 SHORT 0x0
                  0x000ce2          0x2 SHORT 0x3554 DEFINED (__Interrupt48)?ABSOLUTE (__Interrupt48):ABSOLUTE (__DefaultInterrupt)
                  0x000ce3          0x2 SHORT 0x4
                  0x000ce4          0x2 SHORT 0x0 ((DEFINED (__Interrupt48)?ABSOLUTE (__Interrupt48):ABSOLUTE (__DefaultInterrupt) >> 0x10) & 0x7f)
                  0x000ce5          0x2 SHORT 0x0
                  0x000ce6          0x2 SHORT 0x3554 DEFINED (__Interrupt49)?ABSOLUTE (__Interrupt49):ABSOLUTE (__DefaultInterrupt)
                  0x000ce7          0x2 SHORT 0x4
                  0x000ce8          0x2 SHORT 0x0 ((DEFINED (__Interrupt49)?ABSOLUTE (__Interrupt49):ABSOLUTE (__DefaultInterrupt) >> 0x10) & 0x7f)
                  0x000ce9          0x2 SHORT 0x0
                  0x000cea          0x2 SHORT 0x3554 DEFINED (__Interrupt50)?ABSOLUTE (__Interrupt50):ABSOLUTE (__DefaultInterrupt)
                  0x000ceb          0x2 SHORT 0x4
                  0x000cec          0x2 SHORT 0x0 ((DEFINED (__Interrupt50)?ABSOLUTE (__Interrupt50):ABSOLUTE (__DefaultInterrupt) >> 0x10) & 0x7f)
                  0x000ced          0x2 SHORT 0x0
                  0x000cee          0x2 SHORT 0x3554 DEFINED (__Interrupt51)?ABSOLUTE (__Interrupt51):ABSOLUTE (__DefaultInterrupt)
                  0x000cef          0x2 SHORT 0x4
                  0x000cf0          0x2 SHORT 0x0 ((DEFINED (__Interrupt51)?ABSOLUTE (__Interrupt51):ABSOLUTE (__DefaultInterrupt) >> 0x10) & 0x7f)
                  0x000cf1          0x2 SHORT 0x0
                  0x000cf2          0x2 SHORT 0x3554 DEFINED (__Interrupt52)?ABSOLUTE (__Interrupt52):ABSOLUTE (__DefaultInterrupt)
                  0x000cf3          0x2 SHORT 0x4
                  0x000cf4          0x2 SHORT 0x0 ((DEFINED (__Interrupt52)?ABSOLUTE (__Interrupt52):ABSOLUTE (__DefaultInterrupt) >> 0x10) & 0x7f)
                  0x000cf5          0x2 SHORT 0x0
                  0x000cf6          0x2 SHORT 0x3554 DEFINED (__Interrupt53)?ABSOLUTE (__Interrupt53):ABSOLUTE (__DefaultInterrupt)
                  0x000cf7          0x2 SHORT 0x4
                  0x000cf8          0x2 SHORT 0x0 ((DEFINED (__Interrupt53)?ABSOLUTE (__Interrupt53):ABSOLUTE (__DefaultInterrupt) >> 0x10) & 0x7f)
                  0x000cf9          0x2 SHORT 0x0
                  0x000cfa          0x2 SHORT 0x3554 DEFINED (__Interrupt54)?ABSOLUTE (__Interrupt54):ABSOLUTE (__DefaultInterrupt)
                  0x000cfb          0x2 SHORT 0x4
                  0x000cfc          0x2 SHORT 0x0 ((DEFINED (__Interrupt54)?ABSOLUTE (__Interrupt54):ABSOLUTE (__DefaultInterrupt) >> 0x10) & 0x7f)
                  0x000cfd          0x2 SHORT 0x0
                  0x000cfe          0x2 SHORT 0x3554 DEFINED (__Interrupt55)?ABSOLUTE (__Interrupt55):ABSOLUTE (__DefaultInterrupt)
                  0x000cff          0x2 SHORT 0x4
                  0x000d00          0x2 SHORT 0x0 ((DEFINED (__Interrupt55)?ABSOLUTE (__Interrupt55):ABSOLUTE (__DefaultInterrupt) >> 0x10) & 0x7f)
                  0x000d01          0x2 SHORT 0x0
                  0x000d02          0x2 SHORT 0x3554 DEFINED (__Interrupt56)?ABSOLUTE (__Interrupt56):ABSOLUTE (__DefaultInterrupt)
                  0x000d03          0x2 SHORT 0x4
                  0x000d04          0x2 SHORT 0x0 ((DEFINED (__Interrupt56)?ABSOLUTE (__Interrupt56):ABSOLUTE (__DefaultInterrupt) >> 0x10) & 0x7f)
                  0x000d05          0x2 SHORT 0x0
                  0x000d06          0x2 SHORT 0x3554 DEFINED (__Interrupt57)?ABSOLUTE (__Interrupt57):ABSOLUTE (__DefaultInterrupt)
                  0x000d07          0x2 SHORT 0x4
                  0x000d08          0x2 SHORT 0x0 ((DEFINED (__Interrupt57)?ABSOLUTE (__Interrupt57):ABSOLUTE (__DefaultInterrupt) >> 0x10) & 0x7f)
                  0x000d09          0x2 SHORT 0x0
                  0x000d0a          0x2 SHORT 0x3554 DEFINED (__Interrupt58)?ABSOLUTE (__Interrupt58):ABSOLUTE (__DefaultInterrupt)
                  0x000d0b          0x2 SHORT 0x4
                  0x000d0c          0x2 SHORT 0x0 ((DEFINED (__Interrupt58)?ABSOLUTE (__Interrupt58):ABSOLUTE (__DefaultInterrupt) >> 0x10) & 0x7f)
                  0x000d0d          0x2 SHORT 0x0
                  0x000d0e          0x2 SHORT 0x3554 DEFINED (__Interrupt59)?ABSOLUTE (__Interrupt59):ABSOLUTE (__DefaultInterrupt)
                  0x000d0f          0x2 SHORT 0x4
                  0x000d10          0x2 SHORT 0x0 ((DEFINED (__Interrupt59)?ABSOLUTE (__Interrupt59):ABSOLUTE (__DefaultInterrupt) >> 0x10) & 0x7f)
                  0x000d11          0x2 SHORT 0x0
                  0x000d12          0x2 SHORT 0x3554 DEFINED (__Interrupt60)?ABSOLUTE (__Interrupt60):ABSOLUTE (__DefaultInterrupt)
                  0x000d13          0x2 SHORT 0x4
                  0x000d14          0x2 SHORT 0x0 ((DEFINED (__Interrupt60)?ABSOLUTE (__Interrupt60):ABSOLUTE (__DefaultInterrupt) >> 0x10) & 0x7f)
                  0x000d15          0x2 SHORT 0x0
                  0x000d16          0x2 SHORT 0x3554 DEFINED (__Interrupt61)?ABSOLUTE (__Interrupt61):ABSOLUTE (__DefaultInterrupt)
                  0x000d17          0x2 SHORT 0x4
                  0x000d18          0x2 SHORT 0x0 ((DEFINED (__Interrupt61)?ABSOLUTE (__Interrupt61):ABSOLUTE (__DefaultInterrupt) >> 0x10) & 0x7f)
                  0x000d19          0x2 SHORT 0x0
                  0x000d1a          0x2 SHORT 0x3554 DEFINED (__Interrupt62)?ABSOLUTE (__Interrupt62):ABSOLUTE (__DefaultInterrupt)
                  0x000d1b          0x2 SHORT 0x4
                  0x000d1c          0x2 SHORT 0x0 ((DEFINED (__Interrupt62)?ABSOLUTE (__Interrupt62):ABSOLUTE (__DefaultInterrupt) >> 0x10) & 0x7f)
                  0x000d1d          0x2 SHORT 0x0
                  0x000d1e          0x2 SHORT 0x3554 DEFINED (__Interrupt63)?ABSOLUTE (__Interrupt63):ABSOLUTE (__DefaultInterrupt)
                  0x000d1f          0x2 SHORT 0x4
                  0x000d20          0x2 SHORT 0x0 ((DEFINED (__Interrupt63)?ABSOLUTE (__Interrupt63):ABSOLUTE (__DefaultInterrupt) >> 0x10) & 0x7f)
                  0x000d21          0x2 SHORT 0x0
                  0x000d22          0x2 SHORT 0x3554 DEFINED (__Interrupt64)?ABSOLUTE (__Interrupt64):ABSOLUTE (__DefaultInterrupt)
                  0x000d23          0x2 SHORT 0x4
                  0x000d24          0x2 SHORT 0x0 ((DEFINED (__Interrupt64)?ABSOLUTE (__Interrupt64):ABSOLUTE (__DefaultInterrupt) >> 0x10) & 0x7f)
                  0x000d25          0x2 SHORT 0x0
                  0x000d26          0x2 SHORT 0x3554 DEFINED (__U1ErrInterrupt)?ABSOLUTE (__U1ErrInterrupt):ABSOLUTE (__DefaultInterrupt)
                  0x000d27          0x2 SHORT 0x4
                  0x000d28          0x2 SHORT 0x0 ((DEFINED (__U1ErrInterrupt)?ABSOLUTE (__U1ErrInterrupt):ABSOLUTE (__DefaultInterrupt) >> 0x10) & 0x7f)
                  0x000d29          0x2 SHORT 0x0
                  0x000d2a          0x2 SHORT 0x3554 DEFINED (__Interrupt66)?ABSOLUTE (__Interrupt66):ABSOLUTE (__DefaultInterrupt)
                  0x000d2b          0x2 SHORT 0x4
                  0x000d2c          0x2 SHORT 0x0 ((DEFINED (__Interrupt66)?ABSOLUTE (__Interrupt66):ABSOLUTE (__DefaultInterrupt) >> 0x10) & 0x7f)
                  0x000d2d          0x2 SHORT 0x0
                  0x000d2e          0x2 SHORT 0x3554 DEFINED (__Interrupt67)?ABSOLUTE (__Interrupt67):ABSOLUTE (__DefaultInterrupt)
                  0x000d2f          0x2 SHORT 0x4
                  0x000d30          0x2 SHORT 0x0 ((DEFINED (__Interrupt67)?ABSOLUTE (__Interrupt67):ABSOLUTE (__DefaultInterrupt) >> 0x10) & 0x7f)
                  0x000d31          0x2 SHORT 0x0
                  0x000d32          0x2 SHORT 0x3554 DEFINED (__Interrupt68)?ABSOLUTE (__Interrupt68):ABSOLUTE (__DefaultInterrupt)
                  0x000d33          0x2 SHORT 0x4
                  0x000d34          0x2 SHORT 0x0 ((DEFINED (__Interrupt68)?ABSOLUTE (__Interrupt68):ABSOLUTE (__DefaultInterrupt) >> 0x10) & 0x7f)
                  0x000d35          0x2 SHORT 0x0
                  0x000d36          0x2 SHORT 0x3554 DEFINED (__Interrupt69)?ABSOLUTE (__Interrupt69):ABSOLUTE (__DefaultInterrupt)
                  0x000d37          0x2 SHORT 0x4
                  0x000d38          0x2 SHORT 0x0 ((DEFINED (__Interrupt69)?ABSOLUTE (__Interrupt69):ABSOLUTE (__DefaultInterrupt) >> 0x10) & 0x7f)
                  0x000d39          0x2 SHORT 0x0
                  0x000d3a          0x2 SHORT 0x3554 DEFINED (__Interrupt70)?ABSOLUTE (__Interrupt70):ABSOLUTE (__DefaultInterrupt)
                  0x000d3b          0x2 SHORT 0x4
                  0x000d3c          0x2 SHORT 0x0 ((DEFINED (__Interrupt70)?ABSOLUTE (__Interrupt70):ABSOLUTE (__DefaultInterrupt) >> 0x10) & 0x7f)
                  0x000d3d          0x2 SHORT 0x0
                  0x000d3e          0x2 SHORT 0x3554 DEFINED (__Interrupt71)?ABSOLUTE (__Interrupt71):ABSOLUTE (__DefaultInterrupt)
                  0x000d3f          0x2 SHORT 0x4
                  0x000d40          0x2 SHORT 0x0 ((DEFINED (__Interrupt71)?ABSOLUTE (__Interrupt71):ABSOLUTE (__DefaultInterrupt) >> 0x10) & 0x7f)
                  0x000d41          0x2 SHORT 0x0
                  0x000d42          0x2 SHORT 0x3554 DEFINED (__Interrupt72)?ABSOLUTE (__Interrupt72):ABSOLUTE (__DefaultInterrupt)
                  0x000d43          0x2 SHORT 0x4
                  0x000d44          0x2 SHORT 0x0 ((DEFINED (__Interrupt72)?ABSOLUTE (__Interrupt72):ABSOLUTE (__DefaultInterrupt) >> 0x10) & 0x7f)
                  0x000d45          0x2 SHORT 0x0
                  0x000d46          0x2 SHORT 0x3554 DEFINED (__Interrupt73)?ABSOLUTE (__Interrupt73):ABSOLUTE (__DefaultInterrupt)
                  0x000d47          0x2 SHORT 0x4
                  0x000d48          0x2 SHORT 0x0 ((DEFINED (__Interrupt73)?ABSOLUTE (__Interrupt73):ABSOLUTE (__DefaultInterrupt) >> 0x10) & 0x7f)
                  0x000d49          0x2 SHORT 0x0
                  0x000d4a          0x2 SHORT 0x3554 DEFINED (__Interrupt74)?ABSOLUTE (__Interrupt74):ABSOLUTE (__DefaultInterrupt)
                  0x000d4b          0x2 SHORT 0x4
                  0x000d4c          0x2 SHORT 0x0 ((DEFINED (__Interrupt74)?ABSOLUTE (__Interrupt74):ABSOLUTE (__DefaultInterrupt) >> 0x10) & 0x7f)
                  0x000d4d          0x2 SHORT 0x0
                  0x000d4e          0x2 SHORT 0x3554 DEFINED (__Interrupt75)?ABSOLUTE (__Interrupt75):ABSOLUTE (__DefaultInterrupt)
                  0x000d4f          0x2 SHORT 0x4
                  0x000d50          0x2 SHORT 0x0 ((DEFINED (__Interrupt75)?ABSOLUTE (__Interrupt75):ABSOLUTE (__DefaultInterrupt) >> 0x10) & 0x7f)
                  0x000d51          0x2 SHORT 0x0
                  0x000d52          0x2 SHORT 0x3554 DEFINED (__Interrupt76)?ABSOLUTE (__Interrupt76):ABSOLUTE (__DefaultInterrupt)
                  0x000d53          0x2 SHORT 0x4
                  0x000d54          0x2 SHORT 0x0 ((DEFINED (__Interrupt76)?ABSOLUTE (__Interrupt76):ABSOLUTE (__DefaultInterrupt) >> 0x10) & 0x7f)
                  0x000d55          0x2 SHORT 0x0
                  0x000d56          0x2 SHORT 0x3554 DEFINED (__Interrupt77)?ABSOLUTE (__Interrupt77):ABSOLUTE (__DefaultInterrupt)
                  0x000d57          0x2 SHORT 0x4
                  0x000d58          0x2 SHORT 0x0 ((DEFINED (__Interrupt77)?ABSOLUTE (__Interrupt77):ABSOLUTE (__DefaultInterrupt) >> 0x10) & 0x7f)
                  0x000d59          0x2 SHORT 0x0
                  0x000d5a          0x2 SHORT 0x3554 DEFINED (__Interrupt78)?ABSOLUTE (__Interrupt78):ABSOLUTE (__DefaultInterrupt)
                  0x000d5b          0x2 SHORT 0x4
                  0x000d5c          0x2 SHORT 0x0 ((DEFINED (__Interrupt78)?ABSOLUTE (__Interrupt78):ABSOLUTE (__DefaultInterrupt) >> 0x10) & 0x7f)
                  0x000d5d          0x2 SHORT 0x0
                  0x000d5e          0x2 SHORT 0x3554 DEFINED (__Interrupt79)?ABSOLUTE (__Interrupt79):ABSOLUTE (__DefaultInterrupt)
                  0x000d5f          0x2 SHORT 0x4
                  0x000d60          0x2 SHORT 0x0 ((DEFINED (__Interrupt79)?ABSOLUTE (__Interrupt79):ABSOLUTE (__DefaultInterrupt) >> 0x10) & 0x7f)
                  0x000d61          0x2 SHORT 0x0
                  0x000d62          0x2 SHORT 0x3554 DEFINED (__Interrupt80)?ABSOLUTE (__Interrupt80):ABSOLUTE (__DefaultInterrupt)
                  0x000d63          0x2 SHORT 0x4
                  0x000d64          0x2 SHORT 0x0 ((DEFINED (__Interrupt80)?ABSOLUTE (__Interrupt80):ABSOLUTE (__DefaultInterrupt) >> 0x10) & 0x7f)
                  0x000d65          0x2 SHORT 0x0
                  0x000d66          0x2 SHORT 0x3554 DEFINED (__Interrupt81)?ABSOLUTE (__Interrupt81):ABSOLUTE (__DefaultInterrupt)
                  0x000d67          0x2 SHORT 0x4
                  0x000d68          0x2 SHORT 0x0 ((DEFINED (__Interrupt81)?ABSOLUTE (__Interrupt81):ABSOLUTE (__DefaultInterrupt) >> 0x10) & 0x7f)
                  0x000d69          0x2 SHORT 0x0
                  0x000d6a          0x2 SHORT 0x3554 DEFINED (__Interrupt82)?ABSOLUTE (__Interrupt82):ABSOLUTE (__DefaultInterrupt)
                  0x000d6b          0x2 SHORT 0x4
                  0x000d6c          0x2 SHORT 0x0 ((DEFINED (__Interrupt82)?ABSOLUTE (__Interrupt82):ABSOLUTE (__DefaultInterrupt) >> 0x10) & 0x7f)
                  0x000d6d          0x2 SHORT 0x0
                  0x000d6e          0x2 SHORT 0x3554 DEFINED (__Interrupt83)?ABSOLUTE (__Interrupt83):ABSOLUTE (__DefaultInterrupt)
                  0x000d6f          0x2 SHORT 0x4
                  0x000d70          0x2 SHORT 0x0 ((DEFINED (__Interrupt83)?ABSOLUTE (__Interrupt83):ABSOLUTE (__DefaultInterrupt) >> 0x10) & 0x7f)
                  0x000d71          0x2 SHORT 0x0
                  0x000d72          0x2 SHORT 0x3554 DEFINED (__Interrupt84)?ABSOLUTE (__Interrupt84):ABSOLUTE (__DefaultInterrupt)
                  0x000d73          0x2 SHORT 0x4
                  0x000d74          0x2 SHORT 0x0 ((DEFINED (__Interrupt84)?ABSOLUTE (__Interrupt84):ABSOLUTE (__DefaultInterrupt) >> 0x10) & 0x7f)
                  0x000d75          0x2 SHORT 0x0
                  0x000d76          0x2 SHORT 0x3554 DEFINED (__Interrupt85)?ABSOLUTE (__Interrupt85):ABSOLUTE (__DefaultInterrupt)
                  0x000d77          0x2 SHORT 0x4
                  0x000d78          0x2 SHORT 0x0 ((DEFINED (__Interrupt85)?ABSOLUTE (__Interrupt85):ABSOLUTE (__DefaultInterrupt) >> 0x10) & 0x7f)
                  0x000d79          0x2 SHORT 0x0
                  0x000d7a          0x2 SHORT 0x3554 DEFINED (__Interrupt86)?ABSOLUTE (__Interrupt86):ABSOLUTE (__DefaultInterrupt)
                  0x000d7b          0x2 SHORT 0x4
                  0x000d7c          0x2 SHORT 0x0 ((DEFINED (__Interrupt86)?ABSOLUTE (__Interrupt86):ABSOLUTE (__DefaultInterrupt) >> 0x10) & 0x7f)
                  0x000d7d          0x2 SHORT 0x0
                  0x000d7e          0x2 SHORT 0x3554 DEFINED (__Interrupt87)?ABSOLUTE (__Interrupt87):ABSOLUTE (__DefaultInterrupt)
                  0x000d7f          0x2 SHORT 0x4
                  0x000d80          0x2 SHORT 0x0 ((DEFINED (__Interrupt87)?ABSOLUTE (__Interrupt87):ABSOLUTE (__DefaultInterrupt) >> 0x10) & 0x7f)
                  0x000d81          0x2 SHORT 0x0
                  0x000d82          0x2 SHORT 0x3554 DEFINED (__Interrupt88)?ABSOLUTE (__Interrupt88):ABSOLUTE (__DefaultInterrupt)
                  0x000d83          0x2 SHORT 0x4
                  0x000d84          0x2 SHORT 0x0 ((DEFINED (__Interrupt88)?ABSOLUTE (__Interrupt88):ABSOLUTE (__DefaultInterrupt) >> 0x10) & 0x7f)
                  0x000d85          0x2 SHORT 0x0
                  0x000d86          0x2 SHORT 0x3554 DEFINED (__Interrupt89)?ABSOLUTE (__Interrupt89):ABSOLUTE (__DefaultInterrupt)
                  0x000d87          0x2 SHORT 0x4
                  0x000d88          0x2 SHORT 0x0 ((DEFINED (__Interrupt89)?ABSOLUTE (__Interrupt89):ABSOLUTE (__DefaultInterrupt) >> 0x10) & 0x7f)
                  0x000d89          0x2 SHORT 0x0
                  0x000d8a          0x2 SHORT 0x3554 DEFINED (__Interrupt90)?ABSOLUTE (__Interrupt90):ABSOLUTE (__DefaultInterrupt)
                  0x000d8b          0x2 SHORT 0x4
                  0x000d8c          0x2 SHORT 0x0 ((DEFINED (__Interrupt90)?ABSOLUTE (__Interrupt90):ABSOLUTE (__DefaultInterrupt) >> 0x10) & 0x7f)
                  0x000d8d          0x2 SHORT 0x0
                  0x000d8e          0x2 SHORT 0x3554 DEFINED (__Interrupt91)?ABSOLUTE (__Interrupt91):ABSOLUTE (__DefaultInterrupt)
                  0x000d8f          0x2 SHORT 0x4
                  0x000d90          0x2 SHORT 0x0 ((DEFINED (__Interrupt91)?ABSOLUTE (__Interrupt91):ABSOLUTE (__DefaultInterrupt) >> 0x10) & 0x7f)
                  0x000d91          0x2 SHORT 0x0
                  0x000d92          0x2 SHORT 0x3554 DEFINED (__Interrupt92)?ABSOLUTE (__Interrupt92):ABSOLUTE (__DefaultInterrupt)
                  0x000d93          0x2 SHORT 0x4
                  0x000d94          0x2 SHORT 0x0 ((DEFINED (__Interrupt92)?ABSOLUTE (__Interrupt92):ABSOLUTE (__DefaultInterrupt) >> 0x10) & 0x7f)
                  0x000d95          0x2 SHORT 0x0
                  0x000d96          0x2 SHORT 0x3554 DEFINED (__Interrupt93)?ABSOLUTE (__Interrupt93):ABSOLUTE (__DefaultInterrupt)
                  0x000d97          0x2 SHORT 0x4
                  0x000d98          0x2 SHORT 0x0 ((DEFINED (__Interrupt93)?ABSOLUTE (__Interrupt93):ABSOLUTE (__DefaultInterrupt) >> 0x10) & 0x7f)
                  0x000d99          0x2 SHORT 0x0
                  0x000d9a          0x2 SHORT 0x3554 DEFINED (__Interrupt94)?ABSOLUTE (__Interrupt94):ABSOLUTE (__DefaultInterrupt)
                  0x000d9b          0x2 SHORT 0x4
                  0x000d9c          0x2 SHORT 0x0 ((DEFINED (__Interrupt94)?ABSOLUTE (__Interrupt94):ABSOLUTE (__DefaultInterrupt) >> 0x10) & 0x7f)
                  0x000d9d          0x2 SHORT 0x0
                  0x000d9e          0x2 SHORT 0x3554 DEFINED (__Interrupt95)?ABSOLUTE (__Interrupt95):ABSOLUTE (__DefaultInterrupt)
                  0x000d9f          0x2 SHORT 0x4
                  0x000da0          0x2 SHORT 0x0 ((DEFINED (__Interrupt95)?ABSOLUTE (__Interrupt95):ABSOLUTE (__DefaultInterrupt) >> 0x10) & 0x7f)
                  0x000da1          0x2 SHORT 0x0
                  0x000da2          0x2 SHORT 0x3554 DEFINED (__Interrupt96)?ABSOLUTE (__Interrupt96):ABSOLUTE (__DefaultInterrupt)
                  0x000da3          0x2 SHORT 0x4
                  0x000da4          0x2 SHORT 0x0 ((DEFINED (__Interrupt96)?ABSOLUTE (__Interrupt96):ABSOLUTE (__DefaultInterrupt) >> 0x10) & 0x7f)
                  0x000da5          0x2 SHORT 0x0
                  0x000da6          0x2 SHORT 0x3554 DEFINED (__Interrupt97)?ABSOLUTE (__Interrupt97):ABSOLUTE (__DefaultInterrupt)
                  0x000da7          0x2 SHORT 0x4
                  0x000da8          0x2 SHORT 0x0 ((DEFINED (__Interrupt97)?ABSOLUTE (__Interrupt97):ABSOLUTE (__DefaultInterrupt) >> 0x10) & 0x7f)
                  0x000da9          0x2 SHORT 0x0
                  0x000daa          0x2 SHORT 0x3554 DEFINED (__Interrupt98)?ABSOLUTE (__Interrupt98):ABSOLUTE (__DefaultInterrupt)
                  0x000dab          0x2 SHORT 0x4
                  0x000dac          0x2 SHORT 0x0 ((DEFINED (__Interrupt98)?ABSOLUTE (__Interrupt98):ABSOLUTE (__DefaultInterrupt) >> 0x10) & 0x7f)
                  0x000dad          0x2 SHORT 0x0
                  0x000dae          0x2 SHORT 0x3554 DEFINED (__Interrupt99)?ABSOLUTE (__Interrupt99):ABSOLUTE (__DefaultInterrupt)
                  0x000daf          0x2 SHORT 0x4
                  0x000db0          0x2 SHORT 0x0 ((DEFINED (__Interrupt99)?ABSOLUTE (__Interrupt99):ABSOLUTE (__DefaultInterrupt) >> 0x10) & 0x7f)
                  0x000db1          0x2 SHORT 0x0
                  0x000db2          0x2 SHORT 0x3554 DEFINED (__Interrupt100)?ABSOLUTE (__Interrupt100):ABSOLUTE (__DefaultInterrupt)
                  0x000db3          0x2 SHORT 0x4
                  0x000db4          0x2 SHORT 0x0 ((DEFINED (__Interrupt100)?ABSOLUTE (__Interrupt100):ABSOLUTE (__DefaultInterrupt) >> 0x10) & 0x7f)
                  0x000db5          0x2 SHORT 0x0
                  0x000db6          0x2 SHORT 0x3554 DEFINED (__Interrupt101)?ABSOLUTE (__Interrupt101):ABSOLUTE (__DefaultInterrupt)
                  0x000db7          0x2 SHORT 0x4
                  0x000db8          0x2 SHORT 0x0 ((DEFINED (__Interrupt101)?ABSOLUTE (__Interrupt101):ABSOLUTE (__DefaultInterrupt) >> 0x10) & 0x7f)
                  0x000db9          0x2 SHORT 0x0
                  0x000dba          0x2 SHORT 0x3554 DEFINED (__Interrupt102)?ABSOLUTE (__Interrupt102):ABSOLUTE (__DefaultInterrupt)
                  0x000dbb          0x2 SHORT 0x4
                  0x000dbc          0x2 SHORT 0x0 ((DEFINED (__Interrupt102)?ABSOLUTE (__Interrupt102):ABSOLUTE (__DefaultInterrupt) >> 0x10) & 0x7f)
                  0x000dbd          0x2 SHORT 0x0
                  0x000dbe          0x2 SHORT 0x3554 DEFINED (__Interrupt103)?ABSOLUTE (__Interrupt103):ABSOLUTE (__DefaultInterrupt)
                  0x000dbf          0x2 SHORT 0x4
                  0x000dc0          0x2 SHORT 0x0 ((DEFINED (__Interrupt103)?ABSOLUTE (__Interrupt103):ABSOLUTE (__DefaultInterrupt) >> 0x10) & 0x7f)
                  0x000dc1          0x2 SHORT 0x0
                  0x000dc2          0x2 SHORT 0x3554 DEFINED (__Interrupt104)?ABSOLUTE (__Interrupt104):ABSOLUTE (__DefaultInterrupt)
                  0x000dc3          0x2 SHORT 0x4
                  0x000dc4          0x2 SHORT 0x0 ((DEFINED (__Interrupt104)?ABSOLUTE (__Interrupt104):ABSOLUTE (__DefaultInterrupt) >> 0x10) & 0x7f)
                  0x000dc5          0x2 SHORT 0x0
                  0x000dc6          0x2 SHORT 0x3554 DEFINED (__Interrupt105)?ABSOLUTE (__Interrupt105):ABSOLUTE (__DefaultInterrupt)
                  0x000dc7          0x2 SHORT 0x4
                  0x000dc8          0x2 SHORT 0x0 ((DEFINED (__Interrupt105)?ABSOLUTE (__Interrupt105):ABSOLUTE (__DefaultInterrupt) >> 0x10) & 0x7f)
                  0x000dc9          0x2 SHORT 0x0
                  0x000dca          0x2 SHORT 0x3554 DEFINED (__Interrupt106)?ABSOLUTE (__Interrupt106):ABSOLUTE (__DefaultInterrupt)
                  0x000dcb          0x2 SHORT 0x4
                  0x000dcc          0x2 SHORT 0x0 ((DEFINED (__Interrupt106)?ABSOLUTE (__Interrupt106):ABSOLUTE (__DefaultInterrupt) >> 0x10) & 0x7f)
                  0x000dcd          0x2 SHORT 0x0
                  0x000dce          0x2 SHORT 0x3554 DEFINED (__Interrupt107)?ABSOLUTE (__Interrupt107):ABSOLUTE (__DefaultInterrupt)
                  0x000dcf          0x2 SHORT 0x4
                  0x000dd0          0x2 SHORT 0x0 ((DEFINED (__Interrupt107)?ABSOLUTE (__Interrupt107):ABSOLUTE (__DefaultInterrupt) >> 0x10) & 0x7f)
                  0x000dd1          0x2 SHORT 0x0
                  0x000dd2          0x2 SHORT 0x3554 DEFINED (__Interrupt108)?ABSOLUTE (__Interrupt108):ABSOLUTE (__DefaultInterrupt)
                  0x000dd3          0x2 SHORT 0x4
                  0x000dd4          0x2 SHORT 0x0 ((DEFINED (__Interrupt108)?ABSOLUTE (__Interrupt108):ABSOLUTE (__DefaultInterrupt) >> 0x10) & 0x7f)
                  0x000dd5          0x2 SHORT 0x0
                  0x000dd6          0x2 SHORT 0x3554 DEFINED (__Interrupt109)?ABSOLUTE (__Interrupt109):ABSOLUTE (__DefaultInterrupt)
                  0x000dd7          0x2 SHORT 0x4
                  0x000dd8          0x2 SHORT 0x0 ((DEFINED (__Interrupt109)?ABSOLUTE (__Interrupt109):ABSOLUTE (__DefaultInterrupt) >> 0x10) & 0x7f)
                  0x000dd9          0x2 SHORT 0x0
                  0x000dda          0x2 SHORT 0x3554 DEFINED (__Interrupt110)?ABSOLUTE (__Interrupt110):ABSOLUTE (__DefaultInterrupt)
                  0x000ddb          0x2 SHORT 0x4
                  0x000ddc          0x2 SHORT 0x0 ((DEFINED (__Interrupt110)?ABSOLUTE (__Interrupt110):ABSOLUTE (__DefaultInterrupt) >> 0x10) & 0x7f)
                  0x000ddd          0x2 SHORT 0x0
                  0x000dde          0x2 SHORT 0x3554 DEFINED (__Interrupt111)?ABSOLUTE (__Interrupt111):ABSOLUTE (__DefaultInterrupt)
                  0x000ddf          0x2 SHORT 0x4
                  0x000de0          0x2 SHORT 0x0 ((DEFINED (__Interrupt111)?ABSOLUTE (__Interrupt111):ABSOLUTE (__DefaultInterrupt) >> 0x10) & 0x7f)
                  0x000de1          0x2 SHORT 0x0
                  0x000de2          0x2 SHORT 0x3554 DEFINED (__Interrupt112)?ABSOLUTE (__Interrupt112):ABSOLUTE (__DefaultInterrupt)
                  0x000de3          0x2 SHORT 0x4
                  0x000de4          0x2 SHORT 0x0 ((DEFINED (__Interrupt112)?ABSOLUTE (__Interrupt112):ABSOLUTE (__DefaultInterrupt) >> 0x10) & 0x7f)
                  0x000de5          0x2 SHORT 0x0
                  0x000de6          0x2 SHORT 0x3554 DEFINED (__Interrupt113)?ABSOLUTE (__Interrupt113):ABSOLUTE (__DefaultInterrupt)
                  0x000de7          0x2 SHORT 0x4
                  0x000de8          0x2 SHORT 0x0 ((DEFINED (__Interrupt113)?ABSOLUTE (__Interrupt113):ABSOLUTE (__DefaultInterrupt) >> 0x10) & 0x7f)
                  0x000de9          0x2 SHORT 0x0
                  0x000dea          0x2 SHORT 0x3554 DEFINED (__Interrupt114)?ABSOLUTE (__Interrupt114):ABSOLUTE (__DefaultInterrupt)
                  0x000deb          0x2 SHORT 0x4
                  0x000dec          0x2 SHORT 0x0 ((DEFINED (__Interrupt114)?ABSOLUTE (__Interrupt114):ABSOLUTE (__DefaultInterrupt) >> 0x10) & 0x7f)
                  0x000ded          0x2 SHORT 0x0
                  0x000dee          0x2 SHORT 0x3554 DEFINED (__Interrupt115)?ABSOLUTE (__Interrupt115):ABSOLUTE (__DefaultInterrupt)
                  0x000def          0x2 SHORT 0x4
                  0x000df0          0x2 SHORT 0x0 ((DEFINED (__Interrupt115)?ABSOLUTE (__Interrupt115):ABSOLUTE (__DefaultInterrupt) >> 0x10) & 0x7f)
                  0x000df1          0x2 SHORT 0x0
                  0x000df2          0x2 SHORT 0x3554 DEFINED (__Interrupt116)?ABSOLUTE (__Interrupt116):ABSOLUTE (__DefaultInterrupt)
                  0x000df3          0x2 SHORT 0x4
                  0x000df4          0x2 SHORT 0x0 ((DEFINED (__Interrupt116)?ABSOLUTE (__Interrupt116):ABSOLUTE (__DefaultInterrupt) >> 0x10) & 0x7f)
                  0x000df5          0x2 SHORT 0x0
                  0x000df6          0x2 SHORT 0x3554 DEFINED (__Interrupt117)?ABSOLUTE (__Interrupt117):ABSOLUTE (__DefaultInterrupt)
                  0x000df7          0x2 SHORT 0x4
                  0x000df8          0x2 SHORT 0x0 ((DEFINED (__Interrupt117)?ABSOLUTE (__Interrupt117):ABSOLUTE (__DefaultInterrupt) >> 0x10) & 0x7f)
                  0x000df9          0x2 SHORT 0x0

.text             0x000e00        0x3b2
 *(.init)
 .init            0x000e00         0x32 c:/program files (x86)/microchip/mplab c30/bin/bin/../../lib\libpic30-elf.a(crt0_standard.o)
                  0x000e00                  __resetPRI
                  0x000e00                  __reset
                  0x000e22                  __psv_init
 .init            0x000e32         0x5e c:/program files (x86)/microchip/mplab c30/bin/bin/../../lib\libpic30-elf.a(data_init_standard.o)
                  0x000e32                  __data_init_standard
                  0x000e32                  __data_init
 *(.user_init)
 *(.handle)
 *(.isr*)
 *(.libc)
 *(.libm)
 *(.libdsp)
 *(.lib*)
 .libm.subsf3     0x000e90         0xbc c:/program files (x86)/microchip/mplab c30/bin/bin/../../lib\libm-elf.a(addsf3.eo)
                  0x000e90                  ___subsf3
                  0x000e92                  ___addsf3
 .libm.divfs3     0x000f4c         0x84 c:/program files (x86)/microchip/mplab c30/bin/bin/../../lib\libm-elf.a(divsf3.eo)
                  0x000f4c                  ___divsf3
 .libm.eqsf2      0x000fd0          0x4 c:/program files (x86)/microchip/mplab c30/bin/bin/../../lib\libm-elf.a(feqltle.eo)
                  0x000fd0                  ___eqsf2
                  0x000fd0                  ___ltsf2
                  0x000fd0                  ___lesf2
 .libm.fixunssfsi
                  0x000fd4         0x36 c:/program files (x86)/microchip/mplab c30/bin/bin/../../lib\libm-elf.a(fixunssfsi.eo)
                  0x000fd4                  ___fixunssfsi
 .libm.floatsisf
                  0x00100a         0x56 c:/program files (x86)/microchip/mplab c30/bin/bin/../../lib\libm-elf.a(floatsisf.eo)
                  0x00100a                  ___floatsisf
 .libm.fpack      0x001060         0x4c c:/program files (x86)/microchip/mplab c30/bin/bin/../../lib\libm-elf.a(fpack.eo)
                  0x001060                  __fpack
 .libm.funpack    0x0010ac         0x2a c:/program files (x86)/microchip/mplab c30/bin/bin/../../lib\libm-elf.a(funpack.eo)
                  0x0010ac                  __funpack
 .libm.funpack2
                  0x0010d6         0x10 c:/program files (x86)/microchip/mplab c30/bin/bin/../../lib\libm-elf.a(funpack2.eo)
                  0x0010d6                  __funpack2
 .libm.fPropagateNaN
                  0x0010e6         0x12 c:/program files (x86)/microchip/mplab c30/bin/bin/../../lib\libm-elf.a(futil.eo)
                  0x0010e6                  __fPropagateNaN
 .libm.fbobExit
                  0x0010f8          0x8 c:/program files (x86)/microchip/mplab c30/bin/bin/../../lib\libm-elf.a(futil.eo)
                  0x0010f8                  __fbopExit
 .libm.fbopReturnNaN
                  0x001100          0x6 c:/program files (x86)/microchip/mplab c30/bin/bin/../../lib\libm-elf.a(futil.eo)
                  0x001100                  __fbopReturnNaN
 .libm.mulsf3     0x001106         0x68 c:/program files (x86)/microchip/mplab c30/bin/bin/../../lib\libm-elf.a(mulsf3.eo)
                  0x001106                  ___mulsf3
 .libm.fcompare
                  0x00116e         0x36 c:/program files (x86)/microchip/mplab c30/bin/bin/../../lib\libm-elf.a(fcompare.eo)
                  0x00116e                  __fcompare
 .libc.memset     0x0011a4          0xe c:/program files (x86)/microchip/mplab c30/bin/bin/../../lib\libc-elf.a(memset.XXeo)
                  0x0011a4                  _memset

usercode
 *(usercode)

__FBS             0xf80000          0x2
 *(__FBS.sec*)
 __FBS.sec        0xf80000          0x2 FBS
                  0xf80000                  __FBS.sec

__FGS             0xf80004          0x2
 *(__FGS.sec*)
 __FGS.sec        0xf80004          0x2 FGS
                  0xf80004                  __FGS.sec

__FOSCSEL         0xf80006          0x2
 *(__FOSCSEL.sec*)
 __FOSCSEL.sec    0xf80006          0x2 build/default/production/_ext/1270305794/pic24_configbits.o

__FOSC            0xf80008          0x2
 *(__FOSC.sec*)
 __FOSC.sec       0xf80008          0x2 build/default/production/_ext/1270305794/pic24_configbits.o

__FWDT            0xf8000a          0x2
 *(__FWDT.sec*)
 __FWDT.sec       0xf8000a          0x2 build/default/production/_ext/1270305794/pic24_configbits.o

__FPOR            0xf8000c          0x2
 *(__FPOR.sec*)
 __FPOR.sec       0xf8000c          0x2 build/default/production/_ext/1270305794/pic24_configbits.o

__FICD            0xf8000e          0x2
 *(__FICD.sec*)
 __FICD.sec       0xf8000e          0x2 build/default/production/_ext/1270305794/pic24_configbits.o

__FUID0
 *(__FUID0.sec*)

__FUID1
 *(__FUID1.sec*)

__FUID2
 *(__FUID2.sec*)

__FUID3
 *(__FUID3.sec*)

.comment
 *(.comment)

.debug_info       0x000000       0x670d
 *(.debug_info)
 .debug_info      0x000000        0xbc0 build/default/production/_ext/1270305794/pic24_clockfreq.o
 .debug_info      0x000bc0        0x1fe build/default/production/_ext/1270305794/pic24_configbits.o
 .debug_info      0x000dbe       0x139f build/default/production/_ext/1270305794/pic24_util.o
 .debug_info      0x00215d       0x1005 build/default/production/_ext/1270305794/pic24_uart.o
 .debug_info      0x003162        0x7e0 build/default/production/_ext/1270305794/pic24_serial.o
 .debug_info      0x003942        0xf86 build/default/production/_ext/1472/NeverWanderBand.o
 .debug_info      0x0048c8       0x18bd build/default/production/_ext/1472/screen_module.o
 .debug_info      0x006185         0xf9 build/default/production/_ext/1472/glcdfont.o
 .debug_info      0x00627e        0x3ce build/default/production/_ext/1270305794/pic24_spi.o
 .debug_info      0x00664c         0xc1 c:/program files (x86)/microchip/mplab c30/bin/bin/../../lib\libpic30-elf.a(c30_uart.eo)
 *(.gnu.linkonce.wi.*)

.debug_abbrev     0x000000        0xc4d
 *(.debug_abbrev)
 .debug_abbrev    0x000000        0x160 build/default/production/_ext/1270305794/pic24_clockfreq.o
 .debug_abbrev    0x000160         0x30 build/default/production/_ext/1270305794/pic24_configbits.o
 .debug_abbrev    0x000190        0x1eb build/default/production/_ext/1270305794/pic24_util.o
 .debug_abbrev    0x00037b        0x17a build/default/production/_ext/1270305794/pic24_uart.o
 .debug_abbrev    0x0004f5        0x1d2 build/default/production/_ext/1270305794/pic24_serial.o
 .debug_abbrev    0x0006c7        0x1c9 build/default/production/_ext/1472/NeverWanderBand.o
 .debug_abbrev    0x000890        0x261 build/default/production/_ext/1472/screen_module.o
 .debug_abbrev    0x000af1         0x47 build/default/production/_ext/1472/glcdfont.o
 .debug_abbrev    0x000b38         0xe5 build/default/production/_ext/1270305794/pic24_spi.o
 .debug_abbrev    0x000c1d         0x30 c:/program files (x86)/microchip/mplab c30/bin/bin/../../lib\libpic30-elf.a(c30_uart.eo)

.debug_line       0x000000       0x2c58
 *(.debug_line)
 .debug_line      0x000000        0x39a build/default/production/_ext/1270305794/pic24_clockfreq.o
 .debug_line      0x00039a        0x11c build/default/production/_ext/1270305794/pic24_configbits.o
 .debug_line      0x0004b6        0x6d0 build/default/production/_ext/1270305794/pic24_util.o
 .debug_line      0x000b86        0x360 build/default/production/_ext/1270305794/pic24_uart.o
 .debug_line      0x000ee6        0x485 build/default/production/_ext/1270305794/pic24_serial.o
 .debug_line      0x00136b        0x4c5 build/default/production/_ext/1472/NeverWanderBand.o
 .debug_line      0x001830       0x123a build/default/production/_ext/1472/screen_module.o
 .debug_line      0x002a6a         0x35 build/default/production/_ext/1472/glcdfont.o
 .debug_line      0x002a9f        0x187 build/default/production/_ext/1270305794/pic24_spi.o
 .debug_line      0x002c26         0x32 c:/program files (x86)/microchip/mplab c30/bin/bin/../../lib\libpic30-elf.a(c30_uart.eo)

.debug_frame      0x000000        0x561
 *(.debug_frame)
 .debug_frame     0x000000         0xb7 build/default/production/_ext/1270305794/pic24_clockfreq.o
 .debug_frame     0x0000b7         0xe7 build/default/production/_ext/1270305794/pic24_util.o
 .debug_frame     0x00019e         0x67 build/default/production/_ext/1270305794/pic24_uart.o
 .debug_frame     0x000205        0x107 build/default/production/_ext/1270305794/pic24_serial.o
 .debug_frame     0x00030c         0x77 build/default/production/_ext/1472/NeverWanderBand.o
 .debug_frame     0x000383        0x1a7 build/default/production/_ext/1472/screen_module.o
 .debug_frame     0x00052a         0x37 build/default/production/_ext/1270305794/pic24_spi.o

.debug_str        0x000000         0x6f
 *(.debug_str)
 .debug_str       0x000000          0xd build/default/production/_ext/1270305794/pic24_util.o
 .debug_str       0x00000d         0x28 build/default/production/_ext/1270305794/pic24_serial.o
 .debug_str       0x000035         0x1a build/default/production/_ext/1472/NeverWanderBand.o
 .debug_str       0x00004f         0x20 build/default/production/_ext/1472/screen_module.o

.debug_loc
 *(.debug_loc)

.debug_macinfo
 *(.debug_macinfo)

.debug_pubnames
                  0x000000        0x67e
 *(.debug_pubnames)
 .debug_pubnames
                  0x000000        0x11b build/default/production/_ext/1270305794/pic24_clockfreq.o
 .debug_pubnames
                  0x00011b         0x59 build/default/production/_ext/1270305794/pic24_configbits.o
 .debug_pubnames
                  0x000174        0x14f build/default/production/_ext/1270305794/pic24_util.o
 .debug_pubnames
                  0x0002c3         0x62 build/default/production/_ext/1270305794/pic24_uart.o
 .debug_pubnames
                  0x000325         0xf1 build/default/production/_ext/1270305794/pic24_serial.o
 .debug_pubnames
                  0x000416         0x75 build/default/production/_ext/1472/NeverWanderBand.o
 .debug_pubnames
                  0x00048b        0x19a build/default/production/_ext/1472/screen_module.o
 .debug_pubnames
                  0x000625         0x38 build/default/production/_ext/1270305794/pic24_spi.o
 .debug_pubnames
                  0x00065d         0x21 c:/program files (x86)/microchip/mplab c30/bin/bin/../../lib\libpic30-elf.a(c30_uart.eo)

.debug_ranges
 *(.debug_ranges)

.debug_aranges    0x000000         0xe0
 *(.debug_aranges)
 .debug_aranges
                  0x000000         0x20 build/default/production/_ext/1270305794/pic24_clockfreq.o
 .debug_aranges
                  0x000020         0x20 build/default/production/_ext/1270305794/pic24_util.o
 .debug_aranges
                  0x000040         0x20 build/default/production/_ext/1270305794/pic24_uart.o
 .debug_aranges
                  0x000060         0x20 build/default/production/_ext/1270305794/pic24_serial.o
 .debug_aranges
                  0x000080         0x20 build/default/production/_ext/1472/NeverWanderBand.o
 .debug_aranges
                  0x0000a0         0x20 build/default/production/_ext/1472/screen_module.o
 .debug_aranges
                  0x0000c0         0x20 build/default/production/_ext/1270305794/pic24_spi.o

.ivt              0x000004         0xfc
                  0x000004          0x4 LONG 0xc02 J__ReservedTrap0
                  0x000006          0x4 LONG 0xc06 J__OscillatorFail
                  0x000008          0x4 LONG 0xc0a J__AddressError
                  0x00000a          0x4 LONG 0xc0e J__StackError
                  0x00000c          0x4 LONG 0xc12 J__MathError
                  0x00000e          0x4 LONG 0xc16 J__ReservedTrap5
                  0x000010          0x4 LONG 0xc1a J__ReservedTrap6
                  0x000012          0x4 LONG 0xc1e J__ReservedTrap7
                  0x000014          0x4 LONG 0xc22 J__INT0Interrupt
                  0x000016          0x4 LONG 0xc26 J__IC1Interrupt
                  0x000018          0x4 LONG 0xc2a J__OC1Interrupt
                  0x00001a          0x4 LONG 0xc2e J__T1Interrupt
                  0x00001c          0x4 LONG 0xc32 J__Interrupt4
                  0x00001e          0x4 LONG 0xc36 J__IC2Interrupt
                  0x000020          0x4 LONG 0xc3a J__OC2Interrupt
                  0x000022          0x4 LONG 0xc3e J__T2Interrupt
                  0x000024          0x4 LONG 0xc42 J__T3Interrupt
                  0x000026          0x4 LONG 0xc46 J__SPI1ErrInterrupt
                  0x000028          0x4 LONG 0xc4a J__SPI1Interrupt
                  0x00002a          0x4 LONG 0xc4e J__U1RXInterrupt
                  0x00002c          0x4 LONG 0xc52 J__U1TXInterrupt
                  0x00002e          0x4 LONG 0xc56 J__ADC1Interrupt
                  0x000030          0x4 LONG 0xc5a J__Interrupt14
                  0x000032          0x4 LONG 0xc5e J__Interrupt15
                  0x000034          0x4 LONG 0xc62 J__SI2C1Interrupt
                  0x000036          0x4 LONG 0xc66 J__MI2C1Interrupt
                  0x000038          0x4 LONG 0xc6a J__Interrupt18
                  0x00003a          0x4 LONG 0xc6e J__CNInterrupt
                  0x00003c          0x4 LONG 0xc72 J__INT1Interrupt
                  0x00003e          0x4 LONG 0xc76 J__Interrupt21
                  0x000040          0x4 LONG 0xc7a J__IC7Interrupt
                  0x000042          0x4 LONG 0xc7e J__IC8Interrupt
                  0x000044          0x4 LONG 0xc82 J__Interrupt24
                  0x000046          0x4 LONG 0xc86 J__Interrupt25
                  0x000048          0x4 LONG 0xc8a J__Interrupt26
                  0x00004a          0x4 LONG 0xc8e J__Interrupt27
                  0x00004c          0x4 LONG 0xc92 J__Interrupt28
                  0x00004e          0x4 LONG 0xc96 J__INT2Interrupt
                  0x000050          0x4 LONG 0xc9a J__Interrupt30
                  0x000052          0x4 LONG 0xc9e J__Interrupt31
                  0x000054          0x4 LONG 0xca2 J__Interrupt32
                  0x000056          0x4 LONG 0xca6 J__Interrupt33
                  0x000058          0x4 LONG 0xcaa J__Interrupt34
                  0x00005a          0x4 LONG 0xcae J__Interrupt35
                  0x00005c          0x4 LONG 0xcb2 J__Interrupt36
                  0x00005e          0x4 LONG 0xcb6 J__Interrupt37
                  0x000060          0x4 LONG 0xcba J__Interrupt38
                  0x000062          0x4 LONG 0xcbe J__Interrupt39
                  0x000064          0x4 LONG 0xcc2 J__Interrupt40
                  0x000066          0x4 LONG 0xcc6 J__Interrupt41
                  0x000068          0x4 LONG 0xcca J__Interrupt42
                  0x00006a          0x4 LONG 0xcce J__Interrupt43
                  0x00006c          0x4 LONG 0xcd2 J__Interrupt44
                  0x00006e          0x4 LONG 0xcd6 J__Interrupt45
                  0x000070          0x4 LONG 0xcda J__Interrupt46
                  0x000072          0x4 LONG 0xcde J__Interrupt47
                  0x000074          0x4 LONG 0xce2 J__Interrupt48
                  0x000076          0x4 LONG 0xce6 J__Interrupt49
                  0x000078          0x4 LONG 0xcea J__Interrupt50
                  0x00007a          0x4 LONG 0xcee J__Interrupt51
                  0x00007c          0x4 LONG 0xcf2 J__Interrupt52
                  0x00007e          0x4 LONG 0xcf6 J__Interrupt53
                  0x000080          0x4 LONG 0xcfa J__Interrupt54
                  0x000082          0x4 LONG 0xcfe J__Interrupt55
                  0x000084          0x4 LONG 0xd02 J__Interrupt56
                  0x000086          0x4 LONG 0xd06 J__Interrupt57
                  0x000088          0x4 LONG 0xd0a J__Interrupt58
                  0x00008a          0x4 LONG 0xd0e J__Interrupt59
                  0x00008c          0x4 LONG 0xd12 J__Interrupt60
                  0x00008e          0x4 LONG 0xd16 J__Interrupt61
                  0x000090          0x4 LONG 0xd1a J__Interrupt62
                  0x000092          0x4 LONG 0xd1e J__Interrupt63
                  0x000094          0x4 LONG 0xd22 J__Interrupt64
                  0x000096          0x4 LONG 0xd26 J__U1ErrInterrupt
                  0x000098          0x4 LONG 0xd2a J__Interrupt66
                  0x00009a          0x4 LONG 0xd2e J__Interrupt67
                  0x00009c          0x4 LONG 0xd32 J__Interrupt68
                  0x00009e          0x4 LONG 0xd36 J__Interrupt69
                  0x0000a0          0x4 LONG 0xd3a J__Interrupt70
                  0x0000a2          0x4 LONG 0xd3e J__Interrupt71
                  0x0000a4          0x4 LONG 0xd42 J__Interrupt72
                  0x0000a6          0x4 LONG 0xd46 J__Interrupt73
                  0x0000a8          0x4 LONG 0xd4a J__Interrupt74
                  0x0000aa          0x4 LONG 0xd4e J__Interrupt75
                  0x0000ac          0x4 LONG 0xd52 J__Interrupt76
                  0x0000ae          0x4 LONG 0xd56 J__Interrupt77
                  0x0000b0          0x4 LONG 0xd5a J__Interrupt78
                  0x0000b2          0x4 LONG 0xd5e J__Interrupt79
                  0x0000b4          0x4 LONG 0xd62 J__Interrupt80
                  0x0000b6          0x4 LONG 0xd66 J__Interrupt81
                  0x0000b8          0x4 LONG 0xd6a J__Interrupt82
                  0x0000ba          0x4 LONG 0xd6e J__Interrupt83
                  0x0000bc          0x4 LONG 0xd72 J__Interrupt84
                  0x0000be          0x4 LONG 0xd76 J__Interrupt85
                  0x0000c0          0x4 LONG 0xd7a J__Interrupt86
                  0x0000c2          0x4 LONG 0xd7e J__Interrupt87
                  0x0000c4          0x4 LONG 0xd82 J__Interrupt88
                  0x0000c6          0x4 LONG 0xd86 J__Interrupt89
                  0x0000c8          0x4 LONG 0xd8a J__Interrupt90
                  0x0000ca          0x4 LONG 0xd8e J__Interrupt91
                  0x0000cc          0x4 LONG 0xd92 J__Interrupt92
                  0x0000ce          0x4 LONG 0xd96 J__Interrupt93
                  0x0000d0          0x4 LONG 0xd9a J__Interrupt94
                  0x0000d2          0x4 LONG 0xd9e J__Interrupt95
                  0x0000d4          0x4 LONG 0xda2 J__Interrupt96
                  0x0000d6          0x4 LONG 0xda6 J__Interrupt97
                  0x0000d8          0x4 LONG 0xdaa J__Interrupt98
                  0x0000da          0x4 LONG 0xdae J__Interrupt99
                  0x0000dc          0x4 LONG 0xdb2 J__Interrupt100
                  0x0000de          0x4 LONG 0xdb6 J__Interrupt101
                  0x0000e0          0x4 LONG 0xdba J__Interrupt102
                  0x0000e2          0x4 LONG 0xdbe J__Interrupt103
                  0x0000e4          0x4 LONG 0xdc2 J__Interrupt104
                  0x0000e6          0x4 LONG 0xdc6 J__Interrupt105
                  0x0000e8          0x4 LONG 0xdca J__Interrupt106
                  0x0000ea          0x4 LONG 0xdce J__Interrupt107
                  0x0000ec          0x4 LONG 0xdd2 J__Interrupt108
                  0x0000ee          0x4 LONG 0xdd6 J__Interrupt109
                  0x0000f0          0x4 LONG 0xdda J__Interrupt110
                  0x0000f2          0x4 LONG 0xdde J__Interrupt111
                  0x0000f4          0x4 LONG 0xde2 J__Interrupt112
                  0x0000f6          0x4 LONG 0xde6 J__Interrupt113
                  0x0000f8          0x4 LONG 0xdea J__Interrupt114
                  0x0000fa          0x4 LONG 0xdee J__Interrupt115
                  0x0000fc          0x4 LONG 0xdf2 J__Interrupt116
                  0x0000fe          0x4 LONG 0xdf6 J__Interrupt117

.aivt             0x000104         0xfc
                  0x000104          0x4 LONG 0xc02 J__ReservedTrap0
                  0x000106          0x4 LONG 0xc06 J__OscillatorFail
                  0x000108          0x4 LONG 0xc0a J__AddressError
                  0x00010a          0x4 LONG 0xc0e J__StackError
                  0x00010c          0x4 LONG 0xc12 J__MathError
                  0x00010e          0x4 LONG 0xc16 J__ReservedTrap5
                  0x000110          0x4 LONG 0xc1a J__ReservedTrap6
                  0x000112          0x4 LONG 0xc1e J__ReservedTrap7
                  0x000114          0x4 LONG 0xc22 J__INT0Interrupt
                  0x000116          0x4 LONG 0xc26 J__IC1Interrupt
                  0x000118          0x4 LONG 0xc2a J__OC1Interrupt
                  0x00011a          0x4 LONG 0xc2e J__T1Interrupt
                  0x00011c          0x4 LONG 0xc32 J__Interrupt4
                  0x00011e          0x4 LONG 0xc36 J__IC2Interrupt
                  0x000120          0x4 LONG 0xc3a J__OC2Interrupt
                  0x000122          0x4 LONG 0xc3e J__T2Interrupt
                  0x000124          0x4 LONG 0xc42 J__T3Interrupt
                  0x000126          0x4 LONG 0xc46 J__SPI1ErrInterrupt
                  0x000128          0x4 LONG 0xc4a J__SPI1Interrupt
                  0x00012a          0x4 LONG 0xc4e J__U1RXInterrupt
                  0x00012c          0x4 LONG 0xc52 J__U1TXInterrupt
                  0x00012e          0x4 LONG 0xc56 J__ADC1Interrupt
                  0x000130          0x4 LONG 0xc5a J__Interrupt14
                  0x000132          0x4 LONG 0xc5e J__Interrupt15
                  0x000134          0x4 LONG 0xc62 J__SI2C1Interrupt
                  0x000136          0x4 LONG 0xc66 J__MI2C1Interrupt
                  0x000138          0x4 LONG 0xc6a J__Interrupt18
                  0x00013a          0x4 LONG 0xc6e J__CNInterrupt
                  0x00013c          0x4 LONG 0xc72 J__INT1Interrupt
                  0x00013e          0x4 LONG 0xc76 J__Interrupt21
                  0x000140          0x4 LONG 0xc7a J__IC7Interrupt
                  0x000142          0x4 LONG 0xc7e J__IC8Interrupt
                  0x000144          0x4 LONG 0xc82 J__Interrupt24
                  0x000146          0x4 LONG 0xc86 J__Interrupt25
                  0x000148          0x4 LONG 0xc8a J__Interrupt26
                  0x00014a          0x4 LONG 0xc8e J__Interrupt27
                  0x00014c          0x4 LONG 0xc92 J__Interrupt28
                  0x00014e          0x4 LONG 0xc96 J__INT2Interrupt
                  0x000150          0x4 LONG 0xc9a J__Interrupt30
                  0x000152          0x4 LONG 0xc9e J__Interrupt31
                  0x000154          0x4 LONG 0xca2 J__Interrupt32
                  0x000156          0x4 LONG 0xca6 J__Interrupt33
                  0x000158          0x4 LONG 0xcaa J__Interrupt34
                  0x00015a          0x4 LONG 0xcae J__Interrupt35
                  0x00015c          0x4 LONG 0xcb2 J__Interrupt36
                  0x00015e          0x4 LONG 0xcb6 J__Interrupt37
                  0x000160          0x4 LONG 0xcba J__Interrupt38
                  0x000162          0x4 LONG 0xcbe J__Interrupt39
                  0x000164          0x4 LONG 0xcc2 J__Interrupt40
                  0x000166          0x4 LONG 0xcc6 J__Interrupt41
                  0x000168          0x4 LONG 0xcca J__Interrupt42
                  0x00016a          0x4 LONG 0xcce J__Interrupt43
                  0x00016c          0x4 LONG 0xcd2 J__Interrupt44
                  0x00016e          0x4 LONG 0xcd6 J__Interrupt45
                  0x000170          0x4 LONG 0xcda J__Interrupt46
                  0x000172          0x4 LONG 0xcde J__Interrupt47
                  0x000174          0x4 LONG 0xce2 J__Interrupt48
                  0x000176          0x4 LONG 0xce6 J__Interrupt49
                  0x000178          0x4 LONG 0xcea J__Interrupt50
                  0x00017a          0x4 LONG 0xcee J__Interrupt51
                  0x00017c          0x4 LONG 0xcf2 J__Interrupt52
                  0x00017e          0x4 LONG 0xcf6 J__Interrupt53
                  0x000180          0x4 LONG 0xcfa J__Interrupt54
                  0x000182          0x4 LONG 0xcfe J__Interrupt55
                  0x000184          0x4 LONG 0xd02 J__Interrupt56
                  0x000186          0x4 LONG 0xd06 J__Interrupt57
                  0x000188          0x4 LONG 0xd0a J__Interrupt58
                  0x00018a          0x4 LONG 0xd0e J__Interrupt59
                  0x00018c          0x4 LONG 0xd12 J__Interrupt60
                  0x00018e          0x4 LONG 0xd16 J__Interrupt61
                  0x000190          0x4 LONG 0xd1a J__Interrupt62
                  0x000192          0x4 LONG 0xd1e J__Interrupt63
                  0x000194          0x4 LONG 0xd22 J__Interrupt64
                  0x000196          0x4 LONG 0xd26 J__U1ErrInterrupt
                  0x000198          0x4 LONG 0xd2a J__Interrupt66
                  0x00019a          0x4 LONG 0xd2e J__Interrupt67
                  0x00019c          0x4 LONG 0xd32 J__Interrupt68
                  0x00019e          0x4 LONG 0xd36 J__Interrupt69
                  0x0001a0          0x4 LONG 0xd3a J__Interrupt70
                  0x0001a2          0x4 LONG 0xd3e J__Interrupt71
                  0x0001a4          0x4 LONG 0xd42 J__Interrupt72
                  0x0001a6          0x4 LONG 0xd46 J__Interrupt73
                  0x0001a8          0x4 LONG 0xd4a J__Interrupt74
                  0x0001aa          0x4 LONG 0xd4e J__Interrupt75
                  0x0001ac          0x4 LONG 0xd52 J__Interrupt76
                  0x0001ae          0x4 LONG 0xd56 J__Interrupt77
                  0x0001b0          0x4 LONG 0xd5a J__Interrupt78
                  0x0001b2          0x4 LONG 0xd5e J__Interrupt79
                  0x0001b4          0x4 LONG 0xd62 J__Interrupt80
                  0x0001b6          0x4 LONG 0xd66 J__Interrupt81
                  0x0001b8          0x4 LONG 0xd6a J__Interrupt82
                  0x0001ba          0x4 LONG 0xd6e J__Interrupt83
                  0x0001bc          0x4 LONG 0xd72 J__Interrupt84
                  0x0001be          0x4 LONG 0xd76 J__Interrupt85
                  0x0001c0          0x4 LONG 0xd7a J__Interrupt86
                  0x0001c2          0x4 LONG 0xd7e J__Interrupt87
                  0x0001c4          0x4 LONG 0xd82 J__Interrupt88
                  0x0001c6          0x4 LONG 0xd86 J__Interrupt89
                  0x0001c8          0x4 LONG 0xd8a J__Interrupt90
                  0x0001ca          0x4 LONG 0xd8e J__Interrupt91
                  0x0001cc          0x4 LONG 0xd92 J__Interrupt92
                  0x0001ce          0x4 LONG 0xd96 J__Interrupt93
                  0x0001d0          0x4 LONG 0xd9a J__Interrupt94
                  0x0001d2          0x4 LONG 0xd9e J__Interrupt95
                  0x0001d4          0x4 LONG 0xda2 J__Interrupt96
                  0x0001d6          0x4 LONG 0xda6 J__Interrupt97
                  0x0001d8          0x4 LONG 0xdaa J__Interrupt98
                  0x0001da          0x4 LONG 0xdae J__Interrupt99
                  0x0001dc          0x4 LONG 0xdb2 J__Interrupt100
                  0x0001de          0x4 LONG 0xdb6 J__Interrupt101
                  0x0001e0          0x4 LONG 0xdba J__Interrupt102
                  0x0001e2          0x4 LONG 0xdbe J__Interrupt103
                  0x0001e4          0x4 LONG 0xdc2 J__Interrupt104
                  0x0001e6          0x4 LONG 0xdc6 J__Interrupt105
                  0x0001e8          0x4 LONG 0xdca J__Interrupt106
                  0x0001ea          0x4 LONG 0xdce J__Interrupt107
                  0x0001ec          0x4 LONG 0xdd2 J__Interrupt108
                  0x0001ee          0x4 LONG 0xdd6 J__Interrupt109
                  0x0001f0          0x4 LONG 0xdda J__Interrupt110
                  0x0001f2          0x4 LONG 0xdde J__Interrupt111
                  0x0001f4          0x4 LONG 0xde2 J__Interrupt112
                  0x0001f6          0x4 LONG 0xde6 J__Interrupt113
                  0x0001f8          0x4 LONG 0xdea J__Interrupt114
                  0x0001fa          0x4 LONG 0xdee J__Interrupt115
                  0x0001fc          0x4 LONG 0xdf2 J__Interrupt116
                  0x0001fe          0x4 LONG 0xdf6 J__Interrupt117
                    0x0000                  WREG0 = 0x0
                    0x0000                  _WREG0 = 0x0
                    0x0002                  WREG1 = 0x2
                    0x0002                  _WREG1 = 0x2
                    0x0004                  WREG2 = 0x4
                    0x0004                  _WREG2 = 0x4
                    0x0006                  WREG3 = 0x6
                    0x0006                  _WREG3 = 0x6
                    0x0008                  WREG4 = 0x8
                    0x0008                  _WREG4 = 0x8
                    0x000a                  WREG5 = 0xa
                    0x000a                  _WREG5 = 0xa
                    0x000c                  WREG6 = 0xc
                    0x000c                  _WREG6 = 0xc
                    0x000e                  WREG7 = 0xe
                    0x000e                  _WREG7 = 0xe
                    0x0010                  WREG8 = 0x10
                    0x0010                  _WREG8 = 0x10
                    0x0012                  WREG9 = 0x12
                    0x0012                  _WREG9 = 0x12
                    0x0014                  WREG10 = 0x14
                    0x0014                  _WREG10 = 0x14
                    0x0016                  WREG11 = 0x16
                    0x0016                  _WREG11 = 0x16
                    0x0018                  WREG12 = 0x18
                    0x0018                  _WREG12 = 0x18
                    0x001a                  WREG13 = 0x1a
                    0x001a                  _WREG13 = 0x1a
                    0x001c                  WREG14 = 0x1c
                    0x001c                  _WREG14 = 0x1c
                    0x001e                  WREG15 = 0x1e
                    0x001e                  _WREG15 = 0x1e
                    0x0020                  SPLIM = 0x20
                    0x0020                  _SPLIM = 0x20
                    0x002e                  PCL = 0x2e
                    0x002e                  _PCL = 0x2e
                    0x0030                  PCH = 0x30
                    0x0030                  _PCH = 0x30
                    0x0032                  TBLPAG = 0x32
                    0x0032                  _TBLPAG = 0x32
                    0x0034                  PSVPAG = 0x34
                    0x0034                  _PSVPAG = 0x34
                    0x0036                  RCOUNT = 0x36
                    0x0036                  _RCOUNT = 0x36
                    0x0042                  SR = 0x42
                    0x0042                  _SR = 0x42
                    0x0042                  _SRbits = 0x42
                    0x0044                  CORCON = 0x44
                    0x0044                  _CORCON = 0x44
                    0x0044                  _CORCONbits = 0x44
                    0x0052                  DISICNT = 0x52
                    0x0052                  _DISICNT = 0x52
                    0x0060                  CNEN1 = 0x60
                    0x0060                  _CNEN1 = 0x60
                    0x0060                  _CNEN1bits = 0x60
                    0x0062                  CNEN2 = 0x62
                    0x0062                  _CNEN2 = 0x62
                    0x0062                  _CNEN2bits = 0x62
                    0x0068                  CNPU1 = 0x68
                    0x0068                  _CNPU1 = 0x68
                    0x0068                  _CNPU1bits = 0x68
                    0x006a                  CNPU2 = 0x6a
                    0x006a                  _CNPU2 = 0x6a
                    0x006a                  _CNPU2bits = 0x6a
                    0x0080                  INTCON1 = 0x80
                    0x0080                  _INTCON1 = 0x80
                    0x0080                  _INTCON1bits = 0x80
                    0x0082                  INTCON2 = 0x82
                    0x0082                  _INTCON2 = 0x82
                    0x0082                  _INTCON2bits = 0x82
                    0x0084                  IFS0 = 0x84
                    0x0084                  _IFS0 = 0x84
                    0x0084                  _IFS0bits = 0x84
                    0x0086                  IFS1 = 0x86
                    0x0086                  _IFS1 = 0x86
                    0x0086                  _IFS1bits = 0x86
                    0x008c                  IFS4 = 0x8c
                    0x008c                  _IFS4 = 0x8c
                    0x008c                  _IFS4bits = 0x8c
                    0x0094                  IEC0 = 0x94
                    0x0094                  _IEC0 = 0x94
                    0x0094                  _IEC0bits = 0x94
                    0x0096                  IEC1 = 0x96
                    0x0096                  _IEC1 = 0x96
                    0x0096                  _IEC1bits = 0x96
                    0x009c                  IEC4 = 0x9c
                    0x009c                  _IEC4 = 0x9c
                    0x009c                  _IEC4bits = 0x9c
                    0x00a4                  IPC0 = 0xa4
                    0x00a4                  _IPC0 = 0xa4
                    0x00a4                  _IPC0bits = 0xa4
                    0x00a6                  IPC1 = 0xa6
                    0x00a6                  _IPC1 = 0xa6
                    0x00a6                  _IPC1bits = 0xa6
                    0x00a8                  IPC2 = 0xa8
                    0x00a8                  _IPC2 = 0xa8
                    0x00a8                  _IPC2bits = 0xa8
                    0x00aa                  IPC3 = 0xaa
                    0x00aa                  _IPC3 = 0xaa
                    0x00aa                  _IPC3bits = 0xaa
                    0x00ac                  IPC4 = 0xac
                    0x00ac                  _IPC4 = 0xac
                    0x00ac                  _IPC4bits = 0xac
                    0x00ae                  IPC5 = 0xae
                    0x00ae                  _IPC5 = 0xae
                    0x00ae                  _IPC5bits = 0xae
                    0x00b2                  IPC7 = 0xb2
                    0x00b2                  _IPC7 = 0xb2
                    0x00b2                  _IPC7bits = 0xb2
                    0x00c4                  IPC16 = 0xc4
                    0x00c4                  _IPC16 = 0xc4
                    0x00c4                  _IPC16bits = 0xc4
                    0x00e0                  INTTREG = 0xe0
                    0x00e0                  _INTTREG = 0xe0
                    0x00e0                  _INTTREGbits = 0xe0
                    0x0100                  TMR1 = 0x100
                    0x0100                  _TMR1 = 0x100
                    0x0102                  PR1 = 0x102
                    0x0102                  _PR1 = 0x102
                    0x0104                  T1CON = 0x104
                    0x0104                  _T1CON = 0x104
                    0x0104                  _T1CONbits = 0x104